 
****************************************
Report : power
        -net
        -cell
        -analysis_effort medium
        -verbose
        -flat
        -sort_mode dynamic_power
Design : adder
Version: J-2014.09-SP4
Date   : Thu Mar 10 23:45:57 2016
****************************************


Library(s) Used:

    saed32lvt_tt1p05vn40c (File: /users/ugrad2/2012/spring/pooriam/libraries/saed32lvt_tt1p05vn40c.db)


Operating Conditions: tt1p05vn40c   Library: saed32lvt_tt1p05vn40c
Wire Load Model Mode: enclosed

Design        Wire Load Model            Library
------------------------------------------------
adder                  ForQA             saed32lvt_tt1p05vn40c


Global Operating Voltage = 1.05 
Power-specific unit information :
    Voltage Units = 1V
    Capacitance Units = 1.000000ff
    Time Units = 1ns
    Dynamic Power Units = 1uW    (derived from V,C,T units)
    Leakage Power Units = 1pW



  Attributes
  ----------
      a  -  Switching activity information annotated on net
      d  -  Default switching activity information on net

                             Total      Static   Toggle   Switching
Net                          Net Load   Prob.    Rate     Power      Attrs
--------------------------------------------------------------------------------
sum[0]                         0.221    0.498    0.1885      0.0230  
n33                            2.256    0.502    0.1778      0.2211  
n28                            1.722    0.254    0.0975      0.0926  
n11                            1.722    0.498    0.1794      0.1702  
n8                             1.722    0.495    0.1781      0.1690  
n12                            1.722    0.495    0.1825      0.1732  
n5                             1.722    0.492    0.1778      0.1687  
n10                            1.722    0.507    0.1778      0.1687  
n31                            1.722    0.493    0.1780      0.1690  
n20                            1.722    0.506    0.1770      0.1680  
n6                             1.722    0.507    0.1783      0.1692  
n13                            1.722    0.501    0.1773      0.1683  
n24                            1.722    0.489    0.1755      0.1665  
n30                            1.722    0.502    0.1768      0.1678  
n19                            1.722    0.499    0.1788      0.1697  
n23                            1.722    0.507    0.1789      0.1697  
n2                             1.722    0.500    0.1776      0.1685  
n17                            1.722    0.498    0.1769      0.1679  
n22                            1.722    0.500    0.1766      0.1676  
n16                            1.722    0.504    0.1761      0.1671  
n15                            1.722    0.491    0.1745      0.1656  
n4                             1.722    0.500    0.1786      0.1695  
n3                             1.722    0.494    0.1761      0.1671  
n21                            1.722    0.500    0.1771      0.1681  
n29                            1.583    0.746    0.0975      0.0851  
n7                             1.722    0.499    0.1743      0.1654  
n32                            1.722    0.500    0.1775      0.1685  
n14                            1.722    0.500    0.1750      0.1661  
n18                            1.722    0.506    0.1787      0.1696  
n9                             1.722    0.503    0.1788      0.1697  
n25                            1.722    0.474    0.1721      0.1633  
n26                            1.722    0.442    0.1589      0.1507  
n27                            1.722    0.373    0.1411      0.1339  
sum[30]                        0.221    0.495    0.3345      0.0408  
sum[17]                        0.221    0.497    0.3361      0.0410  
sum[20]                        0.221    0.504    0.3328      0.0406  
sum[4]                         0.221    0.500    0.3270      0.0399  
sum[8]                         0.221    0.501    0.3317      0.0404  
sum[18]                        0.221    0.498    0.3339      0.0407  
sum[23]                        0.221    0.499    0.3330      0.0406  
sum[27]                        0.221    0.497    0.3326      0.0405  
sum[28]                        0.221    0.501    0.3321      0.0405  
sum[15]                        0.221    0.500    0.3305      0.0403  
sum[22]                        0.221    0.505    0.3305      0.0403  
sum[13]                        0.221    0.498    0.3318      0.0405  
sum[21]                        0.221    0.497    0.3337      0.0407  
sum[12]                        0.221    0.502    0.3335      0.0407  
sum[25]                        0.221    0.500    0.3350      0.0408  
sum[6]                         0.221    0.496    0.3353      0.0409  
sum[11]                        0.221    0.497    0.3352      0.0409  
sum[16]                        0.221    0.505    0.3349      0.0408  
sum[26]                        0.221    0.500    0.3333      0.0406  
sum[14]                        0.221    0.502    0.3317      0.0404  
sum[9]                         0.221    0.500    0.3345      0.0408  
sum[5]                         0.221    0.500    0.3335      0.0407  
sum[2]                         0.221    0.497    0.3016      0.0368  
sum[7]                         0.221    0.500    0.3344      0.0408  
sum[24]                        0.221    0.496    0.3360      0.0410  
sum[29]                        0.221    0.500    0.3363      0.0410  
sum[10]                        0.221    0.499    0.3382      0.0412  
sum[19]                        0.221    0.495    0.3380      0.0412  
sum[3]                         0.221    0.493    0.3223      0.0393  
sum[1]                         0.221    0.502    0.2678      0.0326  
sum[31]                        0.221    0.497    0.3343      0.0408  
--------------------------------------------------------------------------------
Total (64 nets)                                              6.4962 uW



  Attributes
  ----------
      a  -  Switching activity information annotated on net
      d  -  Default switching activity information on net
      m  -  Multiply-driven net

                          Net         Driver     Tot Dynamic     Driver
                          Switching   Internal   Power           Leakage
Net                       Power       Power      (% Net/Tot)     Power    Attrs
--------------------------------------------------------------------------------
sum[0]                       0.0230     0.3202     0.343 (7%)   1661345.0000
n33                          0.2211  7.583e-03     0.229 (97%)  1973863.6250
n28                          0.0926     0.0879     0.180 (51%)  14761.1611  
n11                          0.1702  -3.173e-02    0.139 (123%) 1973229.3750
n8                           0.1690  -3.145e-02    0.138 (123%) 1974312.5000
n12                          0.1732  -3.603e-02    0.137 (126%) 1974008.5000
n5                           0.1687  -3.242e-02    0.136 (124%) 1974867.0000
n10                          0.1687  -3.249e-02    0.136 (124%) 1973684.1250
n31                          0.1690  -3.283e-02    0.136 (124%) 1974147.3750
n20                          0.1680  -3.194e-02    0.136 (123%) 1973863.6250
n6                           0.1692  -3.344e-02    0.136 (125%) 1973839.0000
n13                          0.1683  -3.270e-02    0.136 (124%) 1973992.5000
n24                          0.1665  -3.125e-02    0.135 (123%) 1970223.3750
n30                          0.1678  -3.289e-02    0.135 (124%) 1973973.5000
n19                          0.1697  -3.644e-02    0.133 (127%) 1974842.3750
n23                          0.1697  -3.671e-02    0.133 (128%) 1972294.1250
n2                           0.1685  -3.586e-02    0.133 (127%) 1973120.7500
n17                          0.1679  -3.573e-02    0.132 (127%) 1974709.0000
n22                          0.1676  -3.567e-02    0.132 (127%) 1974948.2500
n16                          0.1671  -3.533e-02    0.132 (127%) 1973673.8750
n15                          0.1656  -3.394e-02    0.132 (126%) 1974442.7500
n4                           0.1695  -3.789e-02    0.132 (129%) 1972779.1250
n3                           0.1671  -3.555e-02    0.132 (127%) 1973898.3750
n21                          0.1681  -3.690e-02    0.131 (128%) 1973983.7500
n29                          0.0851     0.0460     0.131 (65%)  515849.3125 
n7                           0.1654  -3.438e-02    0.131 (126%) 1973244.0000
n32                          0.1685  -3.817e-02    0.130 (129%) 1972871.8750
n14                          0.1661  -3.578e-02    0.130 (127%) 1972631.3750
n18                          0.1696  -4.015e-02    0.129 (131%) 1973740.6250
n9                           0.1697  -4.100e-02    0.129 (132%) 1974894.6250
n25                          0.1633  -4.135e-02    0.122 (134%) 1965707.1250
n26                          0.1507  -3.289e-02    0.118 (128%) 1955842.0000
n27                          0.1339  -3.737e-02 9.65e-02 (139%) 1938967.5000
sum[30]                      0.0408  7.583e-03  4.84e-02 (84%)  1973863.6250
sum[17]                      0.0410  -3.173e-02 9.24e-03 (444%) 1973229.3750
sum[20]                      0.0406  -3.145e-02 9.12e-03 (445%) 1974312.5000
sum[4]                       0.0399  -3.125e-02 8.62e-03 (463%) 1970223.3750
sum[8]                       0.0404  -3.194e-02 8.49e-03 (476%) 1973863.6250
sum[18]                      0.0407  -3.249e-02 8.22e-03 (495%) 1973684.1250
sum[23]                      0.0406  -3.242e-02 8.17e-03 (497%) 1974867.0000
sum[27]                      0.0405  -3.289e-02 7.65e-03 (530%) 1973973.5000
sum[28]                      0.0405  -3.283e-02 7.65e-03 (529%) 1974147.3750
sum[15]                      0.0403  -3.270e-02 7.59e-03 (531%) 1973992.5000
sum[22]                      0.0403  -3.344e-02 6.84e-03 (589%) 1973839.0000
sum[13]                      0.0405  -3.394e-02 6.52e-03 (621%) 1974442.7500
sum[21]                      0.0407  -3.438e-02 6.30e-03 (646%) 1973244.0000
sum[12]                      0.0407  -3.533e-02 5.33e-03 (763%) 1973673.8750
sum[25]                      0.0408  -3.555e-02 5.29e-03 (772%) 1973898.3750
sum[6]                       0.0409  -3.567e-02 5.21e-03 (785%) 1974948.2500
sum[11]                      0.0409  -3.573e-02 5.14e-03 (795%) 1974709.0000
sum[16]                      0.0408  -3.603e-02 4.80e-03 (851%) 1974008.5000
sum[26]                      0.0406  -3.586e-02 4.78e-03 (850%) 1973120.7500
sum[14]                      0.0404  -3.578e-02 4.66e-03 (868%) 1972631.3750
sum[9]                       0.0408  -3.644e-02 4.34e-03 (940%) 1974842.3750
sum[5]                       0.0407  -3.671e-02 3.94e-03 (1032%) 1972294.1250
sum[2]                       0.0368  -3.289e-02 3.88e-03 (948%) 1955842.0000
sum[7]                       0.0408  -3.690e-02 3.86e-03 (1055%) 1973983.7500
sum[24]                      0.0410  -3.789e-02 3.08e-03 (1330%) 1972779.1250
sum[29]                      0.0410  -3.817e-02 2.82e-03 (1452%) 1972871.8750
sum[10]                      0.0412  -4.015e-02 1.08e-03 (3809%) 1973740.6250
sum[19]                      0.0412  -4.100e-02 2.04e-04 (20237%) 1974894.6250
sum[3]                       0.0393  -4.135e-02 -2.06e-03 (-1905%) 1965707.1250
sum[1]                       0.0326  -3.737e-02 -4.73e-03 (-689%) 1938967.5000
sum[31]                      0.0408  -9.397e-01 -8.99e-01 (-4%) 3950830.5000
--------------------------------------------------------------------------------
Totals (64 nets)             6.496uW   -2.511uW    3.985uW (163%) 124.444uW


  Attributes
  ----------
      h  -  Hierarchical cell

                        Cell      Driven Net  Tot Dynamic      Cell
                        Internal  Switching   Power            Leakage
Cell                    Power     Power       (% Cell/Tot)     Power      Attrs
--------------------------------------------------------------------------------
U31                        0.3202    0.0230      0.343 (93%)   1661345.0000  
U34                        0.0152    0.2619      0.277 (5%)    3947727.2500  
U2                         0.0879    0.0926      0.180 (49%)   14761.1611  
U14                     -6.346e-02    0.2112     0.148 (-42%)  3946458.7500  
U11                     -6.291e-02    0.2096     0.147 (-42%)  3948625.0000  
U23                     -6.389e-02    0.2084     0.144 (-43%)  3947727.2500  
U8                      -6.485e-02    0.2093     0.144 (-44%)  3949734.0000  
U13                     -6.497e-02    0.2094     0.144 (-44%)  3947368.2500  
U27                     -6.250e-02    0.2064     0.144 (-42%)  3940446.7500  
U32                     -6.565e-02    0.2094     0.144 (-45%)  3948294.7500  
U16                     -6.540e-02    0.2086     0.143 (-45%)  3947985.0000  
U9                      -6.689e-02    0.2095     0.143 (-46%)  3947678.0000  
U4                      -6.579e-02    0.2083     0.143 (-45%)  3947947.0000  
U15                     -7.206e-02    0.2140     0.142 (-50%)  3948017.0000  
U18                     -6.787e-02    0.2061     0.138 (-48%)  3948885.5000  
U22                     -7.288e-02    0.2104     0.138 (-52%)  3949684.7500  
U5                      -7.171e-02    0.2092     0.137 (-51%)  3946241.5000  
U10                     -6.876e-02    0.2061     0.137 (-49%)  3946488.0000  
U20                     -7.146e-02    0.2088     0.137 (-51%)  3949418.0000  
U25                     -7.134e-02    0.2085     0.137 (-51%)  3949896.5000  
U19                     -7.066e-02    0.2078     0.137 (-51%)  3947347.7500  
U26                     -7.343e-02    0.2104     0.137 (-53%)  3944588.2500  
U6                      -7.110e-02    0.2080     0.137 (-51%)  3947796.7500  
U24                     -7.379e-02    0.2088     0.135 (-54%)  3947967.5000  
U17                     -7.157e-02    0.2065     0.135 (-52%)  3945262.7500  
U7                      -7.577e-02    0.2105     0.135 (-55%)  3945558.2500  
U33                     -7.635e-02    0.2095     0.133 (-56%)  3945743.7500  
U3                         0.0460    0.0851      0.131 (35%)   515849.3125  
U21                     -8.030e-02    0.2108     0.130 (-61%)  3947481.2500  
U12                     -8.199e-02    0.2109     0.129 (-63%)  3949789.2500  
U29                     -6.578e-02    0.1875     0.122 (-53%)  3911684.0000  
U28                     -8.271e-02    0.2026     0.120 (-68%)  3931414.2500  
U30                     -7.475e-02    0.1666  9.18e-02 (-80%)  3877935.0000  
U35                     -9.397e-01    0.0408  -8.99e-01 (105%) 3950830.5000  
--------------------------------------------------------------------------------
Totals (34 cells)         -2.511uW   6.496uW     3.985uW (-62%) 124.444uW



  Attributes
  ----------
      h  -  Hierarchical cell
      a  -  User annotated State/Path Dependent (SDPD) information
      e  -  Estimated SDPD from user annotated non-SDPD switching activity
      d  -  Estimated SDPD from default annotated non-SDPD switching activity

               Toggling Source   State Pin Toggle Internal     Leakage
Cell           Pin      of Path  Cond  Rate       Power        Power    Attrs
--------------------------------------------------------------------------------
   U31         A1                (A2' A3')  0.0064 1.035e-03            d r
   U31         A1                (A2' A3')  0.0064 -2.773e-04           d f
   U31         A1                (A2 A3')  0.0064 -1.066e-03            d r
   U31         A1                (A2 A3')  0.0064 1.192e-03             d f
   U31         A1                (A2 A3)  0.0186 -2.505e-03             d r
   U31         A1                (A2 A3)  0.0186 4.220e-03              d f
   U31         A1                       0.0186   -8.646e-04             d r
   U31         A1                       0.0186   2.301e-03              d f
   U31         A2                (A1' A3')  0.0064 8.786e-04            d r
   U31         A2                (A1' A3')  0.0064 -2.180e-04           d f
   U31         A2                (A1 A3')  0.0064 -1.183e-03            d r
   U31         A2                (A1 A3')  0.0064 1.338e-03             d f
   U31         A2                (A1 A3)  0.0186 -4.959e-04             d r
   U31         A2                (A1 A3)  0.0186 2.463e-03              d f
   U31         A2                       0.0186   -4.631e-04             d r
   U31         A2                       0.0186   1.915e-03              d f
   U31         A3                (A1' A2')  0.0122 7.687e-03              r
   U31         A3                (A1' A2')  0.0122 -3.960e-03             f
   U31         A3                       0.0366      0.0231                r
   U31         A3                       0.0366   -1.188e-02               f
   U31         Y        A1              0.0238      0.0596                r
   U31         Y        A1              0.0238      0.0270                f
   U31         Y        A2              0.0238      0.0529                r
   U31         Y        A2              0.0238      0.0218                f
   U31         Y        A3              0.0467      0.0999                r
   U31         Y        A3              0.0467      0.0359                f
   U31                           (A1' A2' A3')                3280.1797  
   U31                           (A1' A2' A3)                 209564.2500  
   U31                           (A1' A2 A3')                 49136.8320  
   U31                           (A1' A2 A3)                  436511.5625  
   U31                           (A1 A2' A3')                 49134.8516  
   U31                           (A1 A2' A3)                  432473.1250  
   U31                           (A1 A2 A3')                  50160.5117  
   U31                           (A1 A2 A3)                   431083.7188  
   U31                           default                         0.0000  
U31  (Cell Total)                                   0.3202    1661345.0000
   U34         A                 (B' CI')  0.0125    0.0416             d r
   U34         A                 (B' CI')  0.0125    0.0257             d f
   U34         A                        0.0375      0.1248              d r
   U34         A                        0.0375      0.0771              d f
   U34         B                 (A' CI')  0.0125    0.0358             d r
   U34         B                 (A' CI')  0.0125    0.0266             d f
   U34         B                        0.0375      0.1072              d r
   U34         B                        0.0375      0.0796              d f
   U34         CI                (A' B')  0.0222    0.0587                r
   U34         CI                (A' B')  0.0222    0.0513                f
   U34         CI                       0.0666      0.1760                r
   U34         CI                       0.0666      0.1539                f
   U34         S        A               0.0443   -1.636e-01               r
   U34         S        A               0.0443   -1.310e-01               f
   U34         S        B               0.0443   -1.597e-01               r
   U34         S        B               0.0443   -1.283e-01               f
   U34         S        CI              0.0786   -2.644e-01               r
   U34         S        CI              0.0786   -2.400e-01               f
   U34         CO       A               0.0235   -6.737e-03               r
   U34         CO       A               0.0235      0.0364                f
   U34         CO       B               0.0235   -6.130e-03               r
   U34         CO       B               0.0235      0.0351                f
   U34         CO       CI              0.0418   -4.817e-03               r
   U34         CO       CI              0.0418      0.0899                f
   U34                           (A' B' CI')                  172221.7031  
   U34                           (A' B' CI)                   420359.0000  
   U34                           (A' B CI')                   523324.6250  
   U34                           (A' B CI)                    517343.1250  
   U34                           (A B' CI')                   609837.0000  
   U34                           (A B' CI)                    524774.6875  
   U34                           (A B CI')                    599036.2500  
   U34                           (A B CI)                     580830.6875  
   U34                           default                         0.0000  
U34  (Cell Total)                                   0.0152    3947727.2500
   U2          Y        A               0.0488      0.0835                r
   U2          Y        A               0.0488   4.389e-03                f
   U2                            (A)                          11005.8525  
   U2                            default                      3755.3088  
U2  (Cell Total)                                    0.0879    14761.1611
   U14         A                 (B' CI')  0.0126    0.0420             d r
   U14         A                 (B' CI')  0.0126    0.0260             d f
   U14         A                        0.0374      0.1244              d r
   U14         A                        0.0374      0.0769              d f
   U14         B                 (A' CI')  0.0126    0.0361             d r
   U14         B                 (A' CI')  0.0126    0.0268             d f
   U14         B                        0.0374      0.1069              d r
   U14         B                        0.0374      0.0794              d f
   U14         CI                (A' B')  0.0228    0.0603                r
   U14         CI                (A' B')  0.0228    0.0527                f
   U14         CI                       0.0684      0.1809                r
   U14         CI                       0.0684      0.1582                f
   U14         S        A               0.0439   -1.622e-01               r
   U14         S        A               0.0439   -1.300e-01               f
   U14         S        B               0.0439   -1.584e-01               r
   U14         S        B               0.0439   -1.272e-01               f
   U14         S        CI              0.0802   -2.695e-01               r
   U14         S        CI              0.0802   -2.446e-01               f
   U14         CO       A               0.0235   -1.489e-02               r
   U14         CO       A               0.0235      0.0220                f
   U14         CO       B               0.0235   -1.425e-02               r
   U14         CO       B               0.0235      0.0212                f
   U14         CO       CI              0.0428   -2.128e-02               r
   U14         CO       CI              0.0428      0.0650                f
   U14                           (A' B' CI')                  173755.0625  
   U14                           (A' B' CI)                   416609.8438  
   U14                           (A' B CI')                   527984.0000  
   U14                           (A' B CI)                    512728.9688  
   U14                           (A B' CI')                   615266.5625  
   U14                           (A B' CI)                    520094.2812  
   U14                           (A B CI')                    604369.6875  
   U14                           (A B CI)                     575650.3125  
   U14                           default                         0.0000  
U14  (Cell Total)                                -6.346e-02   3946458.7500
   U11         A                 (B' CI')  0.0124    0.0414             d r
   U11         A                 (B' CI')  0.0124    0.0256             d f
   U11         A                        0.0376      0.1251              d r
   U11         A                        0.0376      0.0773              d f
   U11         B                 (A' CI')  0.0124    0.0356             d r
   U11         B                 (A' CI')  0.0124    0.0264             d f
   U11         B                        0.0376      0.1075              d r
   U11         B                        0.0376      0.0798              d f
   U11         CI                (A' B')  0.0224    0.0591                r
   U11         CI                (A' B')  0.0224    0.0517                f
   U11         CI                       0.0671      0.1773                r
   U11         CI                       0.0671      0.1550                f
   U11         S        A               0.0439   -1.622e-01               r
   U11         S        A               0.0439   -1.300e-01               f
   U11         S        B               0.0439   -1.584e-01               r
   U11         S        B               0.0439   -1.272e-01               f
   U11         S        CI              0.0786   -2.641e-01               r
   U11         S        CI              0.0786   -2.397e-01               f
   U11         CO       A               0.0235   -1.492e-02               r
   U11         CO       A               0.0235      0.0221                f
   U11         CO       B               0.0235   -1.429e-02               r
   U11         CO       B               0.0235      0.0212                f
   U11         CO       CI              0.0420   -2.090e-02               r
   U11         CO       CI              0.0420      0.0639                f
   U11                           (A' B' CI')                  171136.4688  
   U11                           (A' B' CI)                   423012.5000  
   U11                           (A' B CI')                   520026.9688  
   U11                           (A' B CI)                    520608.8438  
   U11                           (A B' CI')                   605994.1875  
   U11                           (A B' CI)                    528087.3125  
   U11                           (A B CI')                    595261.5000  
   U11                           (A B CI)                     584497.1875  
   U11                           default                         0.0000  
U11  (Cell Total)                                -6.291e-02   3948625.0000
   U23         A                 (B' CI')  0.0125    0.0416             d r
   U23         A                 (B' CI')  0.0125    0.0257             d f
   U23         A                        0.0375      0.1248              d r
   U23         A                        0.0375      0.0771              d f
   U23         B                 (A' CI')  0.0125    0.0358             d r
   U23         B                 (A' CI')  0.0125    0.0266             d f
   U23         B                        0.0375      0.1072              d r
   U23         B                        0.0375      0.0796              d f
   U23         CI                (A' B')  0.0221    0.0585                r
   U23         CI                (A' B')  0.0221    0.0512                f
   U23         CI                       0.0664      0.1756                r
   U23         CI                       0.0664      0.1536                f
   U23         S        A               0.0440   -1.624e-01               r
   U23         S        A               0.0440   -1.301e-01               f
   U23         S        B               0.0440   -1.585e-01               r
   U23         S        B               0.0440   -1.274e-01               f
   U23         S        CI              0.0779   -2.618e-01               r
   U23         S        CI              0.0779   -2.377e-01               f
   U23         CO       A               0.0235   -1.490e-02               r
   U23         CO       A               0.0235      0.0221                f
   U23         CO       B               0.0235   -1.426e-02               r
   U23         CO       B               0.0235      0.0212                f
   U23         CO       CI              0.0416   -2.066e-02               r
   U23         CO       CI              0.0416      0.0631                f
   U23                           (A' B' CI')                  172221.7031  
   U23                           (A' B' CI)                   420359.0000  
   U23                           (A' B CI')                   523324.6250  
   U23                           (A' B CI)                    517343.1250  
   U23                           (A B' CI')                   609837.0000  
   U23                           (A B' CI)                    524774.6875  
   U23                           (A B CI')                    599036.2500  
   U23                           (A B CI)                     580830.6875  
   U23                           default                         0.0000  
U23  (Cell Total)                                -6.389e-02   3947727.2500
   U8          A                 (B' CI')  0.0123    0.0411             d r
   U8          A                 (B' CI')  0.0123    0.0254             d f
   U8          A                        0.0377      0.1254              d r
   U8          A                        0.0377      0.0775              d f
   U8          B                 (A' CI')  0.0123    0.0353             d r
   U8          B                 (A' CI')  0.0123    0.0262             d f
   U8          B                        0.0377      0.1077              d r
   U8          B                        0.0377      0.0800              d f
   U8          CI                (A' B')  0.0223    0.0589                r
   U8          CI                (A' B')  0.0223    0.0515                f
   U8          CI                       0.0669      0.1768                r
   U8          CI                       0.0669      0.1546                f
   U8          S        A               0.0440   -1.625e-01               r
   U8          S        A               0.0440   -1.302e-01               f
   U8          S        B               0.0440   -1.586e-01               r
   U8          S        B               0.0440   -1.275e-01               f
   U8          S        CI              0.0785   -2.638e-01               r
   U8          S        CI              0.0785   -2.394e-01               f
   U8          CO       A               0.0235   -1.492e-02               r
   U8          CO       A               0.0235      0.0221                f
   U8          CO       B               0.0235   -1.428e-02               r
   U8          CO       B               0.0235      0.0212                f
   U8          CO       CI              0.0419   -2.083e-02               r
   U8          CO       CI              0.0419      0.0637                f
   U8                            (A' B' CI')                  169795.6719  
   U8                            (A' B' CI)                   426290.8750  
   U8                            (A' B CI')                   515952.7188  
   U8                            (A' B CI)                    524643.5625  
   U8                            (A B' CI')                   601246.4375  
   U8                            (A B' CI)                    532180.0000  
   U8                            (A B CI')                    590597.8125  
   U8                            (A B CI)                     589027.0000  
   U8                            default                         0.0000  
U8  (Cell Total)                                 -6.485e-02   3949734.0000
   U13         A                 (B' CI')  0.0125    0.0418             d r
   U13         A                 (B' CI')  0.0125    0.0258             d f
   U13         A                        0.0375      0.1247              d r
   U13         A                        0.0375      0.0771              d f
   U13         B                 (A' CI')  0.0125    0.0359             d r
   U13         B                 (A' CI')  0.0125    0.0266             d f
   U13         B                        0.0375      0.1071              d r
   U13         B                        0.0375      0.0795              d f
   U13         CI                (A' B')  0.0224    0.0593                r
   U13         CI                (A' B')  0.0224    0.0519                f
   U13         CI                       0.0673      0.1779                r
   U13         CI                       0.0673      0.1556                f
   U13         S        A               0.0440   -1.625e-01               r
   U13         S        A               0.0440   -1.302e-01               f
   U13         S        B               0.0440   -1.586e-01               r
   U13         S        B               0.0440   -1.274e-01               f
   U13         S        CI              0.0789   -2.654e-01               r
   U13         S        CI              0.0789   -2.409e-01               f
   U13         CO       A               0.0234   -1.488e-02               r
   U13         CO       A               0.0234      0.0220                f
   U13         CO       B               0.0234   -1.424e-02               r
   U13         CO       B               0.0234      0.0212                f
   U13         CO       CI              0.0420   -2.090e-02               r
   U13         CO       CI              0.0420      0.0639                f
   U13                           (A' B' CI')                  172655.8281  
   U13                           (A' B' CI)                   419297.5938  
   U13                           (A' B CI')                   524643.8125  
   U13                           (A' B CI)                    516036.8125  
   U13                           (A B' CI')                   611374.2500  
   U13                           (A B' CI)                    523449.6250  
   U13                           (A B CI')                    600546.2500  
   U13                           (A B CI)                     579364.0625  
   U13                           default                         0.0000  
U13  (Cell Total)                                -6.497e-02   3947368.2500
   U27         A                 (B' CI')  0.0132    0.0438             d r
   U27         A                 (B' CI')  0.0132    0.0271             d f
   U27         A                        0.0368      0.1227              d r
   U27         A                        0.0368      0.0758              d f
   U27         B                 (A' CI')  0.0132    0.0376             d r
   U27         B                 (A' CI')  0.0132    0.0279             d f
   U27         B                        0.0368      0.1054              d r
   U27         B                        0.0368      0.0782              d f
   U27         CI                (A' B')  0.0215    0.0569                r
   U27         CI                (A' B')  0.0215    0.0497                f
   U27         CI                       0.0645      0.1706                r
   U27         CI                       0.0645      0.1492                f
   U27         S        A               0.0440   -1.623e-01               r
   U27         S        A               0.0440   -1.300e-01               f
   U27         S        B               0.0440   -1.584e-01               r
   U27         S        B               0.0440   -1.273e-01               f
   U27         S        CI              0.0756   -2.542e-01               r
   U27         S        CI              0.0756   -2.308e-01               f
   U27         CO       A               0.0236   -1.497e-02               r
   U27         CO       A               0.0236      0.0222                f
   U27         CO       B               0.0236   -1.433e-02               r
   U27         CO       B               0.0236      0.0213                f
   U27         CO       CI              0.0406   -2.017e-02               r
   U27         CO       CI              0.0406      0.0617                f
   U27                           (A' B' CI')                  181022.7188  
   U27                           (A' B' CI)                   398839.8750  
   U27                           (A' B CI')                   550067.9375  
   U27                           (A' B CI)                    490859.1562  
   U27                           (A B' CI')                   641001.3750  
   U27                           (A B' CI)                    497910.3125  
   U27                           (A B CI')                    629648.6250  
   U27                           (A B CI)                     551096.6875  
   U27                           default                         0.0000  
U27  (Cell Total)                                -6.250e-02   3940446.7500
   U32         A                 (B' CI')  0.0125    0.0415             d r
   U32         A                 (B' CI')  0.0125    0.0256             d f
   U32         A                        0.0375      0.1250              d r
   U32         A                        0.0375      0.0772              d f
   U32         B                 (A' CI')  0.0125    0.0356             d r
   U32         B                 (A' CI')  0.0125    0.0265             d f
   U32         B                        0.0375      0.1074              d r
   U32         B                        0.0375      0.0797              d f
   U32         CI                (A' B')  0.0221    0.0584                r
   U32         CI                (A' B')  0.0221    0.0511                f
   U32         CI                       0.0663      0.1753                r
   U32         CI                       0.0663      0.1533                f
   U32         S        A               0.0441   -1.627e-01               r
   U32         S        A               0.0441   -1.304e-01               f
   U32         S        B               0.0441   -1.588e-01               r
   U32         S        B               0.0441   -1.276e-01               f
   U32         S        CI              0.0779   -2.619e-01               r
   U32         S        CI              0.0779   -2.377e-01               f
   U32         CO       A               0.0236   -1.500e-02               r
   U32         CO       A               0.0236      0.0222                f
   U32         CO       B               0.0236   -1.436e-02               r
   U32         CO       B               0.0236      0.0213                f
   U32         CO       CI              0.0418   -2.076e-02               r
   U32         CO       CI              0.0418      0.0635                f
   U32                           (A' B' CI')                  171535.5625  
   U32                           (A' B' CI)                   422036.6875  
   U32                           (A' B CI')                   521239.6875  
   U32                           (A' B CI)                    519407.8750  
   U32                           (A B' CI')                   607407.3750  
   U32                           (A B' CI)                    526869.1250  
   U32                           (A B CI')                    596649.6250  
   U32                           (A B CI)                     583148.8125  
   U32                           default                         0.0000  
U32  (Cell Total)                                -6.565e-02   3948294.7500
   U16         A                 (B' CI')  0.0125    0.0416             d r
   U16         A                 (B' CI')  0.0125    0.0257             d f
   U16         A                        0.0375      0.1249              d r
   U16         A                        0.0375      0.0772              d f
   U16         B                 (A' CI')  0.0125    0.0357             d r
   U16         B                 (A' CI')  0.0125    0.0265             d f
   U16         B                        0.0375      0.1073              d r
   U16         B                        0.0375      0.0797              d f
   U16         CI                (A' B')  0.0219    0.0578                r
   U16         CI                (A' B')  0.0219    0.0506                f
   U16         CI                       0.0656      0.1735                r
   U16         CI                       0.0656      0.1517                f
   U16         S        A               0.0441   -1.627e-01               r
   U16         S        A               0.0441   -1.303e-01               f
   U16         S        B               0.0441   -1.588e-01               r
   U16         S        B               0.0441   -1.276e-01               f
   U16         S        CI              0.0771   -2.592e-01               r
   U16         S        CI              0.0771   -2.353e-01               f
   U16         CO       A               0.0236   -1.501e-02               r
   U16         CO       A               0.0236      0.0222                f
   U16         CO       B               0.0236   -1.437e-02               r
   U16         CO       B               0.0236      0.0214                f
   U16         CO       CI              0.0414   -2.057e-02               r
   U16         CO       CI              0.0414      0.0629                f
   U16                           (A' B' CI')                  171910.1406  
   U16                           (A' B' CI)                   421120.8125  
   U16                           (A' B CI')                   522377.9062  
   U16                           (A' B CI)                    518280.7188  
   U16                           (A B' CI')                   608733.7500  
   U16                           (A B' CI)                    525725.7500  
   U16                           (A B CI')                    597952.5625  
   U16                           (A B CI)                     581883.3125  
   U16                           default                         0.0000  
U16  (Cell Total)                                -6.540e-02   3947985.0000
   U9          A                 (B' CI')  0.0125    0.0417             d r
   U9          A                 (B' CI')  0.0125    0.0257             d f
   U9          A                        0.0375      0.1248              d r
   U9          A                        0.0375      0.0771              d f
   U9          B                 (A' CI')  0.0125    0.0358             d r
   U9          B                 (A' CI')  0.0125    0.0266             d f
   U9          B                        0.0375      0.1072              d r
   U9          B                        0.0375      0.0796              d f
   U9          CI                (A' B')  0.0218    0.0576                r
   U9          CI                (A' B')  0.0218    0.0504                f
   U9          CI                       0.0654      0.1728                r
   U9          CI                       0.0654      0.1511                f
   U9          S        A               0.0441   -1.630e-01               r
   U9          S        A               0.0441   -1.306e-01               f
   U9          S        B               0.0441   -1.591e-01               r
   U9          S        B               0.0441   -1.278e-01               f
   U9          S        CI              0.0769   -2.587e-01               r
   U9          S        CI              0.0769   -2.348e-01               f
   U9          CO       A               0.0238   -1.512e-02               r
   U9          CO       A               0.0238      0.0224                f
   U9          CO       B               0.0238   -1.447e-02               r
   U9          CO       B               0.0238      0.0215                f
   U9          CO       CI              0.0415   -2.064e-02               r
   U9          CO       CI              0.0415      0.0631                f
   U9                            (A' B' CI')                  172281.2344  
   U9                            (A' B' CI)                   420213.4688  
   U9                            (A' B CI')                   523505.5312  
   U9                            (A' B CI)                    517164.0312  
   U9                            (A B' CI')                   610047.7500  
   U9                            (A B' CI)                    524593.0625  
   U9                            (A B CI')                    599243.3125  
   U9                            (A B CI)                     580629.6250  
   U9                            default                         0.0000  
U9  (Cell Total)                                 -6.689e-02   3947678.0000
   U4          A                 (B' CI')  0.0125    0.0416             d r
   U4          A                 (B' CI')  0.0125    0.0257             d f
   U4          A                        0.0375      0.1249              d r
   U4          A                        0.0375      0.0772              d f
   U4          B                 (A' CI')  0.0125    0.0357             d r
   U4          B                 (A' CI')  0.0125    0.0265             d f
   U4          B                        0.0375      0.1073              d r
   U4          B                        0.0375      0.0796              d f
   U4          CI                (A' B')  0.0222    0.0587                r
   U4          CI                (A' B')  0.0222    0.0513                f
   U4          CI                       0.0666      0.1761                r
   U4          CI                       0.0666      0.1540                f
   U4          S        A               0.0440   -1.626e-01               r
   U4          S        A               0.0440   -1.303e-01               f
   U4          S        B               0.0440   -1.588e-01               r
   U4          S        B               0.0440   -1.276e-01               f
   U4          S        CI              0.0782   -2.630e-01               r
   U4          S        CI              0.0782   -2.387e-01               f
   U4          CO       A               0.0234   -1.486e-02               r
   U4          CO       A               0.0234      0.0220                f
   U4          CO       B               0.0234   -1.423e-02               r
   U4          CO       B               0.0234      0.0211                f
   U4          CO       CI              0.0416   -2.067e-02               r
   U4          CO       CI              0.0416      0.0632                f
   U4                            (A' B' CI')                  171955.6562  
   U4                            (A' B' CI)                   421009.5312  
   U4                            (A' B CI')                   522516.2188  
   U4                            (A' B CI)                    518143.7500  
   U4                            (A B' CI')                   608894.9375  
   U4                            (A B' CI)                    525586.8125  
   U4                            (A B CI')                    598110.8750  
   U4                            (A B CI)                     581729.5625  
   U4                            default                         0.0000  
U4  (Cell Total)                                 -6.579e-02   3947947.0000
   U15         A                 (B' CI')  0.0125    0.0416             d r
   U15         A                 (B' CI')  0.0125    0.0257             d f
   U15         A                        0.0375      0.1249              d r
   U15         A                        0.0375      0.0772              d f
   U15         B                 (A' CI')  0.0125    0.0357             d r
   U15         B                 (A' CI')  0.0125    0.0265             d f
   U15         B                        0.0375      0.1073              d r
   U15         B                        0.0375      0.0797              d f
   U15         CI                (A' B')  0.0222    0.0586                r
   U15         CI                (A' B')  0.0222    0.0513                f
   U15         CI                       0.0665      0.1758                r
   U15         CI                       0.0665      0.1538                f
   U15         S        A               0.0444   -1.639e-01               r
   U15         S        A               0.0444   -1.313e-01               f
   U15         S        B               0.0444   -1.600e-01               r
   U15         S        B               0.0444   -1.285e-01               f
   U15         S        CI              0.0787   -2.646e-01               r
   U15         S        CI              0.0787   -2.401e-01               f
   U15         CO       A               0.0242   -1.535e-02               r
   U15         CO       A               0.0242      0.0227                f
   U15         CO       B               0.0242   -1.469e-02               r
   U15         CO       B               0.0242      0.0218                f
   U15         CO       CI              0.0429   -2.132e-02               r
   U15         CO       CI              0.0429      0.0651                f
   U15                           (A' B' CI')                  171871.6406  
   U15                           (A' B' CI)                   421214.9688  
   U15                           (A' B CI')                   522260.9062  
   U15                           (A' B CI)                    518396.5625  
   U15                           (A B' CI')                   608597.4375  
   U15                           (A B' CI)                    525843.3125  
   U15                           (A B CI')                    597818.6250  
   U15                           (A B CI)                     582013.4375  
   U15                           default                         0.0000  
U15  (Cell Total)                                -7.206e-02   3948017.0000
   U18         A                 (B' CI')  0.0124    0.0413             d r
   U18         A                 (B' CI')  0.0124    0.0255             d f
   U18         A                        0.0376      0.1251              d r
   U18         A                        0.0376      0.0773              d f
   U18         B                 (A' CI')  0.0124    0.0355             d r
   U18         B                 (A' CI')  0.0124    0.0264             d f
   U18         B                        0.0376      0.1075              d r
   U18         B                        0.0376      0.0798              d f
   U18         CI                (A' B')  0.0220    0.0582                r
   U18         CI                (A' B')  0.0220    0.0509                f
   U18         CI                       0.0660      0.1746                r
   U18         CI                       0.0660      0.1527                f
   U18         S        A               0.0441   -1.629e-01               r
   U18         S        A               0.0441   -1.305e-01               f
   U18         S        B               0.0441   -1.590e-01               r
   U18         S        B               0.0441   -1.278e-01               f
   U18         S        CI              0.0777   -2.612e-01               r
   U18         S        CI              0.0777   -2.371e-01               f
   U18         CO       A               0.0232   -1.473e-02               r
   U18         CO       A               0.0232      0.0218                f
   U18         CO       B               0.0232   -1.410e-02               r
   U18         CO       B               0.0232      0.0210                f
   U18         CO       CI              0.0409   -2.031e-02               r
   U18         CO       CI              0.0409      0.0621                f
   U18                           (A' B' CI')                  170821.4062  
   U18                           (A' B' CI)                   423782.8750  
   U18                           (A' B CI')                   519069.5625  
   U18                           (A' B CI)                    521556.9375  
   U18                           (A B' CI')                   604878.5000  
   U18                           (A B' CI)                    529049.0625  
   U18                           (A B CI')                    594165.5625  
   U18                           (A B CI)                     585561.6250  
   U18                           default                         0.0000  
U18  (Cell Total)                                -6.787e-02   3948885.5000
   U22         A                 (B' CI')  0.0123    0.0411             d r
   U22         A                 (B' CI')  0.0123    0.0254             d f
   U22         A                        0.0377      0.1254              d r
   U22         A                        0.0377      0.0775              d f
   U22         B                 (A' CI')  0.0123    0.0353             d r
   U22         B                 (A' CI')  0.0123    0.0262             d f
   U22         B                        0.0377      0.1077              d r
   U22         B                        0.0377      0.0800              d f
   U22         CI                (A' B')  0.0221    0.0585                r
   U22         CI                (A' B')  0.0221    0.0512                f
   U22         CI                       0.0664      0.1755                r
   U22         CI                       0.0664      0.1535                f
   U22         S        A               0.0444   -1.638e-01               r
   U22         S        A               0.0444   -1.312e-01               f
   U22         S        B               0.0444   -1.599e-01               r
   U22         S        B               0.0444   -1.285e-01               f
   U22         S        CI              0.0785   -2.640e-01               r
   U22         S        CI              0.0785   -2.396e-01               f
   U22         CO       A               0.0237   -1.506e-02               r
   U22         CO       A               0.0237      0.0223                f
   U22         CO       B               0.0237   -1.441e-02               r
   U22         CO       B               0.0237      0.0214                f
   U22         CO       CI              0.0420   -2.086e-02               r
   U22         CO       CI              0.0420      0.0638                f
   U22                           (A' B' CI')                  169855.1875  
   U22                           (A' B' CI)                   426145.3750  
   U22                           (A' B CI')                   516133.5625  
   U22                           (A' B CI)                    524464.5000  
   U22                           (A B' CI')                   601457.1250  
   U22                           (A B' CI)                    531998.3750  
   U22                           (A B CI')                    590804.8125  
   U22                           (A B CI)                     588826.0000  
   U22                           default                         0.0000  
U22  (Cell Total)                                -7.288e-02   3949684.7500
   U5          A                 (B' CI')  0.0126    0.0421             d r
   U5          A                 (B' CI')  0.0126    0.0260             d f
   U5          A                        0.0374      0.1244              d r
   U5          A                        0.0374      0.0769              d f
   U5          B                 (A' CI')  0.0126    0.0362             d r
   U5          B                 (A' CI')  0.0126    0.0268             d f
   U5          B                        0.0374      0.1069              d r
   U5          B                        0.0374      0.0793              d f
   U5          CI                (A' B')  0.0220    0.0582                r
   U5          CI                (A' B')  0.0220    0.0509                f
   U5          CI                       0.0660      0.1746                r
   U5          CI                       0.0660      0.1527                f
   U5          S        A               0.0443   -1.636e-01               r
   U5          S        A               0.0443   -1.311e-01               f
   U5          S        B               0.0443   -1.597e-01               r
   U5          S        B               0.0443   -1.283e-01               f
   U5          S        CI              0.0780   -2.624e-01               r
   U5          S        CI              0.0780   -2.381e-01               f
   U5          CO       A               0.0236   -1.499e-02               r
   U5          CO       A               0.0236      0.0222                f
   U5          CO       B               0.0236   -1.435e-02               r
   U5          CO       B               0.0236      0.0213                f
   U5          CO       CI              0.0416   -2.067e-02               r
   U5          CO       CI              0.0416      0.0632                f
   U5                            (A' B' CI')                  174017.6094  
   U5                            (A' B' CI)                   415967.8750  
   U5                            (A' B CI')                   528781.8125  
   U5                            (A' B CI)                    511938.8750  
   U5                            (A B' CI')                   616196.3125  
   U5                            (A B' CI)                    519292.8438  
   U5                            (A B CI')                    605282.9375  
   U5                            (A B CI)                     574763.2500  
   U5                            default                         0.0000  
U5  (Cell Total)                                 -7.171e-02   3946241.5000
   U10         A                 (B' CI')  0.0126    0.0420             d r
   U10         A                 (B' CI')  0.0126    0.0260             d f
   U10         A                        0.0374      0.1244              d r
   U10         A                        0.0374      0.0769              d f
   U10         B                 (A' CI')  0.0126    0.0361             d r
   U10         B                 (A' CI')  0.0126    0.0268             d f
   U10         B                        0.0374      0.1069              d r
   U10         B                        0.0374      0.0794              d f
   U10         CI                (A' B')  0.0223    0.0589                r
   U10         CI                (A' B')  0.0223    0.0515                f
   U10         CI                       0.0668      0.1766                r
   U10         CI                       0.0668      0.1544                f
   U10         S        A               0.0441   -1.630e-01               r
   U10         S        A               0.0441   -1.305e-01               f
   U10         S        B               0.0441   -1.591e-01               r
   U10         S        B               0.0441   -1.278e-01               f
   U10         S        CI              0.0786   -2.642e-01               r
   U10         S        CI              0.0786   -2.398e-01               f
   U10         CO       A               0.0230   -1.463e-02               r
   U10         CO       A               0.0230      0.0217                f
   U10         CO       B               0.0230   -1.401e-02               r
   U10         CO       B               0.0230      0.0208                f
   U10         CO       CI              0.0411   -2.041e-02               r
   U10         CO       CI              0.0411      0.0624                f
   U10                           (A' B' CI')                  173720.0625  
   U10                           (A' B' CI)                   416695.4375  
   U10                           (A' B CI')                   527877.6250  
   U10                           (A' B CI)                    512834.3125  
   U10                           (A B' CI')                   615142.6875  
   U10                           (A B' CI)                    520201.1250  
   U10                           (A B CI')                    604247.9375  
   U10                           (A B CI)                     575768.5625  
   U10                           default                         0.0000  
U10  (Cell Total)                                -6.876e-02   3946488.0000
   U20         A                 (B' CI')  0.0124    0.0412             d r
   U20         A                 (B' CI')  0.0124    0.0254             d f
   U20         A                        0.0376      0.1253              d r
   U20         A                        0.0376      0.0774              d f
   U20         B                 (A' CI')  0.0124    0.0354             d r
   U20         B                 (A' CI')  0.0124    0.0263             d f
   U20         B                        0.0376      0.1077              d r
   U20         B                        0.0376      0.0799              d f
   U20         CI                (A' B')  0.0223    0.0590                r
   U20         CI                (A' B')  0.0223    0.0516                f
   U20         CI                       0.0670      0.1771                r
   U20         CI                       0.0670      0.1549                f
   U20         S        A               0.0443   -1.635e-01               r
   U20         S        A               0.0443   -1.309e-01               f
   U20         S        B               0.0443   -1.596e-01               r
   U20         S        B               0.0443   -1.282e-01               f
   U20         S        CI              0.0791   -2.659e-01               r
   U20         S        CI              0.0791   -2.413e-01               f
   U20         CO       A               0.0234   -1.483e-02               r
   U20         CO       A               0.0234      0.0220                f
   U20         CO       B               0.0234   -1.420e-02               r
   U20         CO       B               0.0234      0.0211                f
   U20         CO       CI              0.0417   -2.075e-02               r
   U20         CO       CI              0.0417      0.0634                f
   U20                           (A' B' CI')                  170177.2500  
   U20                           (A' B' CI)                   425357.8750  
   U20                           (A' B CI')                   517112.1875  
   U20                           (A' B CI)                    523495.3125  
   U20                           (A B' CI')                   602597.5625  
   U20                           (A B' CI)                    531015.3125  
   U20                           (A B CI')                    591925.0000  
   U20                           (A B CI)                     587737.8750  
   U20                           default                         0.0000  
U20  (Cell Total)                                -7.146e-02   3949418.0000
   U25         A                 (B' CI')  0.0123    0.0410             d r
   U25         A                 (B' CI')  0.0123    0.0253             d f
   U25         A                        0.0377      0.1254              d r
   U25         A                        0.0377      0.0775              d f
   U25         B                 (A' CI')  0.0123    0.0352             d r
   U25         B                 (A' CI')  0.0123    0.0262             d f
   U25         B                        0.0377      0.1078              d r
   U25         B                        0.0377      0.0800              d f
   U25         CI                (A' B')  0.0224    0.0591                r
   U25         CI                (A' B')  0.0224    0.0517                f
   U25         CI                       0.0671      0.1773                r
   U25         CI                       0.0671      0.1551                f
   U25         S        A               0.0443   -1.634e-01               r
   U25         S        A               0.0443   -1.309e-01               f
   U25         S        B               0.0443   -1.595e-01               r
   U25         S        B               0.0443   -1.282e-01               f
   U25         S        CI              0.0792   -2.661e-01               r
   U25         S        CI              0.0792   -2.415e-01               f
   U25         CO       A               0.0233   -1.480e-02               r
   U25         CO       A               0.0233      0.0219                f
   U25         CO       B               0.0233   -1.417e-02               r
   U25         CO       B               0.0233      0.0211                f
   U25         CO       CI              0.0417   -2.073e-02               r
   U25         CO       CI              0.0417      0.0633                f
   U25                           (A' B' CI')                  169599.6250  
   U25                           (A' B' CI)                   426770.2500  
   U25                           (A' B CI')                   515356.9688  
   U25                           (A' B CI)                    525233.5625  
   U25                           (A B' CI')                   600552.1875  
   U25                           (A B' CI)                    532778.4375  
   U25                           (A B CI')                    589915.8750  
   U25                           (A B CI)                     589689.3750  
   U25                           default                         0.0000  
U25  (Cell Total)                                -7.134e-02   3949896.5000
   U19         A                 (B' CI')  0.0125    0.0418             d r
   U19         A                 (B' CI')  0.0125    0.0258             d f
   U19         A                        0.0375      0.1247              d r
   U19         A                        0.0375      0.0771              d f
   U19         B                 (A' CI')  0.0125    0.0359             d r
   U19         B                 (A' CI')  0.0125    0.0266             d f
   U19         B                        0.0375      0.1071              d r
   U19         B                        0.0375      0.0795              d f
   U19         CI                (A' B')  0.0221    0.0585                r
   U19         CI                (A' B')  0.0221    0.0511                f
   U19         CI                       0.0663      0.1754                r
   U19         CI                       0.0663      0.1534                f
   U19         S        A               0.0442   -1.634e-01               r
   U19         S        A               0.0442   -1.309e-01               f
   U19         S        B               0.0442   -1.595e-01               r
   U19         S        B               0.0442   -1.281e-01               f
   U19         S        CI              0.0783   -2.631e-01               r
   U19         S        CI              0.0783   -2.389e-01               f
   U19         CO       A               0.0234   -1.483e-02               r
   U19         CO       A               0.0234      0.0220                f
   U19         CO       B               0.0234   -1.420e-02               r
   U19         CO       B               0.0234      0.0211                f
   U19         CO       CI              0.0413   -2.055e-02               r
   U19         CO       CI              0.0413      0.0628                f
   U19                           (A' B' CI')                  172680.3281  
   U19                           (A' B' CI)                   419237.6875  
   U19                           (A' B CI')                   524718.2500  
   U19                           (A' B CI)                    515963.0625  
   U19                           (A B' CI')                   611460.9375  
   U19                           (A B' CI)                    523374.8438  
   U19                           (A B CI')                    600631.4375  
   U19                           (A B CI)                     579281.3125  
   U19                           default                         0.0000  
U19  (Cell Total)                                -7.066e-02   3947347.7500
   U26         A                 (B' CI')  0.0128    0.0426             d r
   U26         A                 (B' CI')  0.0128    0.0263             d f
   U26         A                        0.0372      0.1239              d r
   U26         A                        0.0372      0.0766              d f
   U26         B                 (A' CI')  0.0128    0.0366             d r
   U26         B                 (A' CI')  0.0128    0.0272             d f
   U26         B                        0.0372      0.1064              d r
   U26         B                        0.0372      0.0790              d f
   U26         CI                (A' B')  0.0219    0.0580                r
   U26         CI                (A' B')  0.0219    0.0507                f
   U26         CI                       0.0658      0.1740                r
   U26         CI                       0.0658      0.1522                f
   U26         S        A               0.0444   -1.640e-01               r
   U26         S        A               0.0444   -1.314e-01               f
   U26         S        B               0.0444   -1.601e-01               r
   U26         S        B               0.0444   -1.286e-01               f
   U26         S        CI              0.0779   -2.620e-01               r
   U26         S        CI              0.0779   -2.378e-01               f
   U26         CO       A               0.0238   -1.512e-02               r
   U26         CO       A               0.0238      0.0224                f
   U26         CO       B               0.0238   -1.447e-02               r
   U26         CO       B               0.0238      0.0215                f
   U26         CO       CI              0.0418   -2.078e-02               r
   U26         CO       CI              0.0418      0.0635                f
   U26                           (A' B' CI')                  176016.5938  
   U26                           (A' B' CI)                   411080.2500  
   U26                           (A' B CI')                   534856.0625  
   U26                           (A' B CI)                    505923.5938  
   U26                           (A B' CI')                   623274.6875  
   U26                           (A B' CI)                    513191.1562  
   U26                           (A B CI')                    612235.9375  
   U26                           (A B CI)                     568009.8125  
   U26                           default                         0.0000  
U26  (Cell Total)                                -7.343e-02   3944588.2500
   U6          A                 (B' CI')  0.0125    0.0416             d r
   U6          A                 (B' CI')  0.0125    0.0257             d f
   U6          A                        0.0375      0.1248              d r
   U6          A                        0.0375      0.0771              d f
   U6          B                 (A' CI')  0.0125    0.0358             d r
   U6          B                 (A' CI')  0.0125    0.0266             d f
   U6          B                        0.0375      0.1072              d r
   U6          B                        0.0375      0.0796              d f
   U6          CI                (A' B')  0.0223    0.0590                r
   U6          CI                (A' B')  0.0223    0.0516                f
   U6          CI                       0.0670      0.1771                r
   U6          CI                       0.0670      0.1549                f
   U6          S        A               0.0442   -1.634e-01               r
   U6          S        A               0.0442   -1.309e-01               f
   U6          S        B               0.0442   -1.595e-01               r
   U6          S        B               0.0442   -1.281e-01               f
   U6          S        CI              0.0790   -2.657e-01               r
   U6          S        CI              0.0790   -2.412e-01               f
   U6          CO       A               0.0233   -1.476e-02               r
   U6          CO       A               0.0233      0.0219                f
   U6          CO       B               0.0233   -1.413e-02               r
   U6          CO       B               0.0233      0.0210                f
   U6          CO       CI              0.0415   -2.065e-02               r
   U6          CO       CI              0.0415      0.0631                f
   U6                            (A' B' CI')                  172137.6875  
   U6                            (A' B' CI)                   420564.4375  
   U6                            (A' B CI')                   523069.3125  
   U6                            (A' B CI)                    517595.9375  
   U6                            (A B' CI')                   609539.5000  
   U6                            (A B' CI)                    525031.1875  
   U6                            (A B CI')                    598744.0000  
   U6                            (A B CI)                     581114.5625  
   U6                            default                         0.0000  
U6  (Cell Total)                                 -7.110e-02   3947796.7500
   U24         A                 (B' CI')  0.0125    0.0416             d r
   U24         A                 (B' CI')  0.0125    0.0257             d f
   U24         A                        0.0375      0.1249              d r
   U24         A                        0.0375      0.0772              d f
   U24         B                 (A' CI')  0.0125    0.0357             d r
   U24         B                 (A' CI')  0.0125    0.0265             d f
   U24         B                        0.0375      0.1073              d r
   U24         B                        0.0375      0.0797              d f
   U24         CI                (A' B')  0.0221    0.0584                r
   U24         CI                (A' B')  0.0221    0.0511                f
   U24         CI                       0.0662      0.1751                r
   U24         CI                       0.0662      0.1532                f
   U24         S        A               0.0444   -1.639e-01               r
   U24         S        A               0.0444   -1.313e-01               f
   U24         S        B               0.0444   -1.600e-01               r
   U24         S        B               0.0444   -1.285e-01               f
   U24         S        CI              0.0784   -2.636e-01               r
   U24         S        CI              0.0784   -2.392e-01               f
   U24         CO       A               0.0235   -1.493e-02               r
   U24         CO       A               0.0235      0.0221                f
   U24         CO       B               0.0235   -1.429e-02               r
   U24         CO       B               0.0235      0.0212                f
   U24         CO       CI              0.0415   -2.065e-02               r
   U24         CO       CI              0.0415      0.0631                f
   U24                           (A' B' CI')                  171931.1562  
   U24                           (A' B' CI)                   421069.4688  
   U24                           (A' B CI')                   522441.7188  
   U24                           (A' B CI)                    518217.5000  
   U24                           (A B' CI')                   608808.1250  
   U24                           (A B' CI)                    525661.6250  
   U24                           (A B CI')                    598025.5625  
   U24                           (A B CI)                     581812.3750  
   U24                           default                         0.0000  
U24  (Cell Total)                                -7.379e-02   3947967.5000
   U17         A                 (B' CI')  0.0127    0.0424             d r
   U17         A                 (B' CI')  0.0127    0.0262             d f
   U17         A                        0.0373      0.1241              d r
   U17         A                        0.0373      0.0767              d f
   U17         B                 (A' CI')  0.0127    0.0364             d r
   U17         B                 (A' CI')  0.0127    0.0270             d f
   U17         B                        0.0373      0.1066              d r
   U17         B                        0.0373      0.0791              d f
   U17         CI                (A' B')  0.0218    0.0577                r
   U17         CI                (A' B')  0.0218    0.0504                f
   U17         CI                       0.0654      0.1730                r
   U17         CI                       0.0654      0.1513                f
   U17         S        A               0.0443   -1.636e-01               r
   U17         S        A               0.0443   -1.310e-01               f
   U17         S        B               0.0443   -1.596e-01               r
   U17         S        B               0.0443   -1.283e-01               f
   U17         S        CI              0.0773   -2.598e-01               r
   U17         S        CI              0.0773   -2.358e-01               f
   U17         CO       A               0.0234   -1.483e-02               r
   U17         CO       A               0.0234      0.0220                f
   U17         CO       B               0.0234   -1.420e-02               r
   U17         CO       B               0.0234      0.0211                f
   U17         CO       CI              0.0408   -2.027e-02               r
   U17         CO       CI              0.0408      0.0619                f
   U17                           (A' B' CI')                  175200.9062  
   U17                           (A' B' CI)                   413074.6875  
   U17                           (A' B CI')                   532377.4375  
   U17                           (A' B CI)                    508378.1562  
   U17                           (A B' CI')                   620386.3125  
   U17                           (A B' CI)                    515680.9688  
   U17                           (A B CI')                    609398.7500  
   U17                           (A B CI)                     570765.5625  
   U17                           default                         0.0000  
U17  (Cell Total)                                -7.157e-02   3945262.7500
   U7          A                 (B' CI')  0.0127    0.0423             d r
   U7          A                 (B' CI')  0.0127    0.0261             d f
   U7          A                        0.0373      0.1242              d r
   U7          A                        0.0373      0.0767              d f
   U7          B                 (A' CI')  0.0127    0.0363             d r
   U7          B                 (A' CI')  0.0127    0.0270             d f
   U7          B                        0.0373      0.1067              d r
   U7          B                        0.0373      0.0792              d f
   U7          CI                (A' B')  0.0222    0.0588                r
   U7          CI                (A' B')  0.0222    0.0514                f
   U7          CI                       0.0667      0.1763                r
   U7          CI                       0.0667      0.1542                f
   U7          S        A               0.0445   -1.642e-01               r
   U7          S        A               0.0445   -1.316e-01               f
   U7          S        B               0.0445   -1.603e-01               r
   U7          S        B               0.0445   -1.288e-01               f
   U7          S        CI              0.0791   -2.658e-01               r
   U7          S        CI              0.0791   -2.413e-01               f
   U7          CO       A               0.0236   -1.501e-02               r
   U7          CO       A               0.0236      0.0222                f
   U7          CO       B               0.0236   -1.437e-02               r
   U7          CO       B               0.0236      0.0214                f
   U7          CO       CI              0.0420   -2.090e-02               r
   U7          CO       CI              0.0420      0.0639                f
   U7                            (A' B' CI')                  174843.8125  
   U7                            (A' B' CI)                   413947.7812  
   U7                            (A' B CI')                   531292.3750  
   U7                            (A' B CI)                    509452.6875  
   U7                            (A B' CI')                   619121.8750  
   U7                            (A B' CI)                    516770.9375  
   U7                            (A B CI')                    608156.6875  
   U7                            (A B CI)                     571971.9375  
   U7                            default                         0.0000  
U7  (Cell Total)                                 -7.577e-02   3945558.2500
   U33         A                 (B' CI')  0.0127    0.0422             d r
   U33         A                 (B' CI')  0.0127    0.0261             d f
   U33         A                        0.0373      0.1242              d r
   U33         A                        0.0373      0.0768              d f
   U33         B                 (A' CI')  0.0127    0.0363             d r
   U33         B                 (A' CI')  0.0127    0.0269             d f
   U33         B                        0.0373      0.1067              d r
   U33         B                        0.0373      0.0792              d f
   U33         CI                (A' B')  0.0223    0.0588                r
   U33         CI                (A' B')  0.0223    0.0515                f
   U33         CI                       0.0668      0.1765                r
   U33         CI                       0.0668      0.1544                f
   U33         S        A               0.0445   -1.643e-01               r
   U33         S        A               0.0445   -1.316e-01               f
   U33         S        B               0.0445   -1.603e-01               r
   U33         S        B               0.0445   -1.288e-01               f
   U33         S        CI              0.0792   -2.662e-01               r
   U33         S        CI              0.0792   -2.417e-01               f
   U33         CO       A               0.0235   -1.491e-02               r
   U33         CO       A               0.0235      0.0221                f
   U33         CO       B               0.0235   -1.427e-02               r
   U33         CO       B               0.0235      0.0212                f
   U33         CO       CI              0.0418   -2.078e-02               r
   U33         CO       CI              0.0418      0.0635                f
   U33                           (A' B' CI')                  174619.7812  
   U33                           (A' B' CI)                   414495.5938  
   U33                           (A' B CI')                   530611.5625  
   U33                           (A' B CI)                    510126.9062  
   U33                           (A B' CI')                   618328.5625  
   U33                           (A B' CI)                    517454.8438  
   U33                           (A B CI')                    607377.4375  
   U33                           (A B CI)                     572728.9375  
   U33                           default                         0.0000  
U33  (Cell Total)                                -7.635e-02   3945743.7500
   U3          A1                (A2')  0.0250   4.055e-03              d r
   U3          A1                (A2')  0.0250   -1.706e-03             d f
   U3          A1                       0.0250   4.055e-03              d r
   U3          A1                       0.0250   -1.706e-03             d f
   U3          A2                (A1')  0.0250      0.0146              d r
   U3          A2                (A1')  0.0250   -1.311e-02             d f
   U3          A2                       0.0250      0.0146              d r
   U3          A2                       0.0250   -1.311e-02             d f
   U3          Y        A1              0.0244      0.0487                r
   U3          Y        A1              0.0244   -3.259e-02               f
   U3          Y        A2              0.0244      0.0468                r
   U3          Y        A2              0.0244   -2.465e-02               f
   U3                            (A1' A2')                     867.0792  
   U3                            (A1' A2)                     364656.6250  
   U3                            (A1 A2')                     148472.0625  
   U3                            (A1 A2)                      1853.5170  
   U3                            default                         0.0000  
U3  (Cell Total)                                    0.0460    515849.3125
   U21         A                 (B' CI')  0.0125    0.0417             d r
   U21         A                 (B' CI')  0.0125    0.0258             d f
   U21         A                        0.0375      0.1247              d r
   U21         A                        0.0375      0.0771              d f
   U21         B                 (A' CI')  0.0125    0.0358             d r
   U21         B                 (A' CI')  0.0125    0.0266             d f
   U21         B                        0.0375      0.1072              d r
   U21         B                        0.0375      0.0796              d f
   U21         CI                (A' B')  0.0223    0.0591                r
   U21         CI                (A' B')  0.0223    0.0517                f
   U21         CI                       0.0670      0.1773                r
   U21         CI                       0.0670      0.1550                f
   U21         S        A               0.0446   -1.649e-01               r
   U21         S        A               0.0446   -1.321e-01               f
   U21         S        B               0.0446   -1.609e-01               r
   U21         S        B               0.0446   -1.293e-01               f
   U21         S        CI              0.0798   -2.684e-01               r
   U21         S        CI              0.0798   -2.436e-01               f
   U21         CO       A               0.0236   -1.497e-02               r
   U21         CO       A               0.0236      0.0222                f
   U21         CO       B               0.0236   -1.433e-02               r
   U21         CO       B               0.0236      0.0213                f
   U21         CO       CI              0.0422   -2.096e-02               r
   U21         CO       CI              0.0422      0.0641                f
   U21                           (A' B' CI')                  172519.2969  
   U21                           (A' B' CI)                   419631.4062  
   U21                           (A' B CI')                   524228.9375  
   U21                           (A' B CI)                    516447.6562  
   U21                           (A B' CI')                   610890.7500  
   U21                           (A B' CI)                    523866.3750  
   U21                           (A B CI')                    600071.3750  
   U21                           (A B CI)                     579825.3125  
   U21                           default                         0.0000  
U21  (Cell Total)                                -8.030e-02   3947481.2500
   U12         A                 (B' CI')  0.0123    0.0410             d r
   U12         A                 (B' CI')  0.0123    0.0254             d f
   U12         A                        0.0377      0.1254              d r
   U12         A                        0.0377      0.0775              d f
   U12         B                 (A' CI')  0.0123    0.0353             d r
   U12         B                 (A' CI')  0.0123    0.0262             d f
   U12         B                        0.0377      0.1077              d r
   U12         B                        0.0377      0.0800              d f
   U12         CI                (A' B')  0.0222    0.0588                r
   U12         CI                (A' B')  0.0222    0.0514                f
   U12         CI                       0.0667      0.1763                r
   U12         CI                       0.0667      0.1542                f
   U12         S        A               0.0447   -1.652e-01               r
   U12         S        A               0.0447   -1.323e-01               f
   U12         S        B               0.0447   -1.612e-01               r
   U12         S        B               0.0447   -1.295e-01               f
   U12         S        CI              0.0795   -2.674e-01               r
   U12         S        CI              0.0795   -2.427e-01               f
   U12         CO       A               0.0237   -1.502e-02               r
   U12         CO       A               0.0237      0.0222                f
   U12         CO       B               0.0237   -1.438e-02               r
   U12         CO       B               0.0237      0.0214                f
   U12         CO       CI              0.0421   -2.092e-02               r
   U12         CO       CI              0.0421      0.0639                f
   U12                           (A' B' CI')                  169729.1562  
   U12                           (A' B' CI)                   426453.5000  
   U12                           (A' B CI')                   515750.5938  
   U12                           (A' B CI)                    524843.7500  
   U12                           (A B' CI')                   601010.8750  
   U12                           (A B' CI)                    532383.0625  
   U12                           (A B CI')                    590366.4375  
   U12                           (A B CI)                     589251.7500  
   U12                           default                         0.0000  
U12  (Cell Total)                                -8.199e-02   3949789.2500
   U29         A                 (B' CI')  0.0157    0.0522             d r
   U29         A                 (B' CI')  0.0157    0.0322             d f
   U29         A                        0.0343      0.1143              d r
   U29         A                        0.0343      0.0706              d f
   U29         B                 (A' CI')  0.0157    0.0448             d r
   U29         B                 (A' CI')  0.0157    0.0333             d f
   U29         B                        0.0343      0.0982              d r
   U29         B                        0.0343      0.0729              d f
   U29         CI                (A' B')  0.0176    0.0466                r
   U29         CI                (A' B')  0.0176    0.0408                f
   U29         CI                       0.0529      0.1398                r
   U29         CI                       0.0529      0.1225                f
   U29         S        A               0.0442   -1.633e-01               r
   U29         S        A               0.0442   -1.308e-01               f
   U29         S        B               0.0442   -1.594e-01               r
   U29         S        B               0.0442   -1.280e-01               f
   U29         S        CI              0.0624   -2.097e-01               r
   U29         S        CI              0.0624   -1.904e-01               f
   U29         CO       A               0.0233   -1.478e-02               r
   U29         CO       A               0.0233      0.0219                f
   U29         CO       B               0.0233   -1.415e-02               r
   U29         CO       B               0.0233      0.0210                f
   U29         CO       CI              0.0329   -1.636e-02               r
   U29         CO       CI              0.0329      0.0499                f
   U29                           (A' B' CI')                  215792.6406  
   U29                           (A' B' CI)                   313824.7812  
   U29                           (A' B CI')                   655722.2500  
   U29                           (A' B CI)                    386229.6250  
   U29                           (A B' CI')                   764121.6875  
   U29                           (A B' CI)                    391777.7812  
   U29                           (A B CI')                    750588.3750  
   U29                           (A B CI)                     433627.1250  
   U29                           default                         0.0000  
U29  (Cell Total)                                -6.578e-02   3911684.0000
   U28         A                 (B' CI')  0.0139    0.0464             d r
   U28         A                 (B' CI')  0.0139    0.0287             d f
   U28         A                        0.0361      0.1200              d r
   U28         A                        0.0361      0.0742              d f
   U28         B                 (A' CI')  0.0139    0.0399             d r
   U28         B                 (A' CI')  0.0139    0.0296             d f
   U28         B                        0.0361      0.1031              d r
   U28         B                        0.0361      0.0766              d f
   U28         CI                (A' B')  0.0199    0.0525                r
   U28         CI                (A' B')  0.0199    0.0459                f
   U28         CI                       0.0596      0.1575                r
   U28         CI                       0.0596      0.1378                f
   U28         S        A               0.0449   -1.658e-01               r
   U28         S        A               0.0449   -1.329e-01               f
   U28         S        B               0.0449   -1.619e-01               r
   U28         S        B               0.0449   -1.301e-01               f
   U28         S        CI              0.0713   -2.398e-01               r
   U28         S        CI              0.0713   -2.177e-01               f
   U28         CO       A               0.0240   -1.522e-02               r
   U28         CO       A               0.0240      0.0225                f
   U28         CO       B               0.0240   -1.457e-02               r
   U28         CO       B               0.0240      0.0217                f
   U28         CO       CI              0.0381   -1.893e-02               r
   U28         CO       CI              0.0381      0.0579                f
   U28                           (A' B' CI')                  191941.7188  
   U28                           (A' B' CI)                   372142.1250  
   U28                           (A' B CI')                   583247.1875  
   U28                           (A' B CI)                    458001.7812  
   U28                           (A B' CI')                   679665.5000  
   U28                           (A B' CI)                    464580.9375  
   U28                           (A B CI')                    667628.0625  
   U28                           (A B CI)                     514207.0625  
   U28                           default                         0.0000  
U28  (Cell Total)                                -8.271e-02   3931414.2500
   U30         A                 (B' CI')  0.0186    0.0620             d r
   U30         A                 (B' CI')  0.0186    0.0383             d f
   U30         A                        0.0314      0.1044              d r
   U30         A                        0.0314      0.0645              d f
   U30         B                 (A' CI')  0.0186    0.0533             d r
   U30         B                 (A' CI')  0.0186    0.0396             d f
   U30         B                        0.0314      0.0897              d r
   U30         B                        0.0314      0.0666              d f
   U30         CI                (A' B')  0.0122    0.0320                r
   U30         CI                (A' B')  0.0122    0.0285                f
   U30         CI                       0.0366      0.0960                r
   U30         CI                       0.0366      0.0856                f
   U30         S        A               0.0450   -1.662e-01               r
   U30         S        A               0.0450   -1.331e-01               f
   U30         S        B               0.0450   -1.622e-01               r
   U30         S        B               0.0450   -1.303e-01               f
   U30         S        CI              0.0439   -1.472e-01               r
   U30         S        CI              0.0439   -1.338e-01               f
   U30         CO       A               0.0237   -1.506e-02               r
   U30         CO       A               0.0237      0.0223                f
   U30         CO       B               0.0237   -1.441e-02               r
   U30         CO       B               0.0237      0.0214                f
   U30         CO       CI              0.0231   -1.174e-02               r
   U30         CO       CI              0.0231      0.0351                f
   U30                           (A' B' CI')                  256590.9531  
   U30                           (A' B' CI)                   214069.8750  
   U30                           (A' B CI')                   779694.7500  
   U30                           (A' B CI)                    263459.5000  
   U30                           (A B' CI')                   908588.4375  
   U30                           (A B' CI)                    267244.0938  
   U30                           (A B CI')                    892496.5625  
   U30                           (A B CI)                     295790.8750  
   U30                           default                         0.0000  
U30  (Cell Total)                                -7.475e-02   3877935.0000
   U35         A                 (B' CI')  0.0222    0.0754               r
   U35         A                 (B' CI')  0.0222    0.0487               f
   U35         A                        0.0667      0.2261                r
   U35         A                        0.0667      0.1462                f
   U35         B                 (A' CI')  0.0124    0.0356             d r
   U35         B                 (A' CI')  0.0124    0.0264             d f
   U35         B                        0.0376      0.1074              d r
   U35         B                        0.0376      0.0797              d f
   U35         CI                (A' B')  0.0124    0.0314              d r
   U35         CI                (A' B')  0.0124    0.0256              d f
   U35         CI                       0.0376      0.0947              d r
   U35         CI                       0.0376      0.0771              d f
   U35         S        A               0.0787   -3.021e-01               r
   U35         S        A               0.0787   -2.373e-01               f
   U35         S        B               0.0442   -1.595e-01               r
   U35         S        B               0.0442   -1.281e-01               f
   U35         S        CI              0.0442   -1.413e-01               r
   U35         S        CI              0.0442   -1.316e-01               f
   U35         CO       A               0.0411   -1.864e-01               r
   U35         CO       A               0.0411   -2.098e-01               f
   U35         CO       B               0.0231   -1.007e-01               r
   U35         CO       B               0.0231   -1.107e-01               f
   U35         CO       CI              0.0231   -1.037e-01               r
   U35         CO       CI              0.0231   -1.029e-01               f
   U35                           (A' B' CI')                  171318.5156  
   U35                           (A' B' CI)                   418886.7500  
   U35                           (A' B CI')                   520580.1562  
   U35                           (A' B CI)                    515531.1875  
   U35                           (A B' CI')                   611969.1875  
   U35                           (A B' CI)                    527531.6250  
   U35                           (A B CI')                    601130.6875  
   U35                           (A B CI)                     583882.1250  
   U35                           default                         0.0000  
U35  (Cell Total)                                -9.397e-01   3950830.5000
--------------------------------------------------------------------------------
Totals (34 cells)                                  -2.511uW    124.444uW
1
