Information: Updating design information... (UID-85)
 
****************************************
Report : qor
Design : hazard_unit
Version: J-2014.09-SP4
Date   : Thu Mar 10 23:56:51 2016
****************************************


  Timing Path Group (none)
  -----------------------------------
  Levels of Logic:              10.00
  Critical Path Length:          0.36
  Critical Path Slack:         uninit
  Critical Path Clk Period:       n/a
  Total Negative Slack:          0.00
  No. of Violating Paths:        0.00
  Worst Hold Violation:          0.00
  Total Hold Violation:          0.00
  No. of Hold Violations:        0.00
  -----------------------------------


  Cell Count
  -----------------------------------
  Hierarchical Cell Count:          0
  Hierarchical Port Count:          0
  Leaf Cell Count:                103
  Buf/Inv Cell Count:              29
  Buf Cell Count:                   0
  Inv Cell Count:                  29
  CT Buf/Inv Cell Count:            0
  Combinational Cell Count:       103
  Sequential Cell Count:            0
  Macro Count:                      0
  -----------------------------------


  Area
  -----------------------------------
  Combinational Area:      237.116350
  Noncombinational Area:     0.000000
  Buf/Inv Area:             36.850880
  Total Buffer Area:             0.00
  Total Inverter Area:          36.85
  Macro/Black Box Area:      0.000000
  Net Area:                 59.495441
  -----------------------------------
  Cell Area:               237.116350
  Design Area:             296.611791


  Design Rules
  -----------------------------------
  Total Number of Nets:           144
  Nets With Violations:             0
  Max Trans Violations:             0
  Max Cap Violations:               0
  -----------------------------------


  Hostname: zuma.eecs.uci.edu

  Compile CPU Statistics
  -----------------------------------------
  Resource Sharing:                    0.01
  Logic Optimization:                  0.04
  Mapping Optimization:                0.53
  -----------------------------------------
  Overall Compile Time:                4.65
  Overall Compile Wall Clock Time:     6.77

  --------------------------------------------------------------------

  Design  WNS: 0.00  TNS: 0.00  Number of Violating Paths: 0


  Design (Hold)  WNS: 0.00  TNS: 0.00  Number of Violating Paths: 0

  --------------------------------------------------------------------


1
