 
****************************************
Report : power
        -net
        -cell
        -analysis_effort medium
        -verbose
        -flat
        -sort_mode dynamic_power
Design : mux_5bit
Version: J-2014.09-SP4
Date   : Thu Mar 10 23:43:39 2016
****************************************


Library(s) Used:

    saed32lvt_tt1p05vn40c (File: /users/ugrad2/2012/spring/pooriam/libraries/saed32lvt_tt1p05vn40c.db)


Operating Conditions: tt1p05vn40c   Library: saed32lvt_tt1p05vn40c
Wire Load Model Mode: enclosed

Design        Wire Load Model            Library
------------------------------------------------
mux_5bit               ForQA             saed32lvt_tt1p05vn40c


Global Operating Voltage = 1.05 
Power-specific unit information :
    Voltage Units = 1V
    Capacitance Units = 1.000000ff
    Time Units = 1ns
    Dynamic Power Units = 1uW    (derived from V,C,T units)
    Leakage Power Units = 1pW



  Attributes
  ----------
      a  -  Switching activity information annotated on net
      d  -  Default switching activity information on net

                             Total      Static   Toggle   Switching
Net                          Net Load   Prob.    Rate     Power      Attrs
--------------------------------------------------------------------------------
n2                             4.270    0.500    0.1000      0.2354  d
outb[4]                        0.221    0.497    0.1475      0.0180  
outb[0]                        0.221    0.501    0.1465      0.0179  
outb[3]                        0.221    0.503    0.1444      0.0176  
outb[1]                        0.221    0.493    0.1423      0.0173  
outb[2]                        0.221    0.495    0.1422      0.0173  
--------------------------------------------------------------------------------
Total (6 nets)                                             323.4908 nW



  Attributes
  ----------
      a  -  Switching activity information annotated on net
      d  -  Default switching activity information on net
      m  -  Multiply-driven net

                          Net         Driver     Tot Dynamic     Driver
                          Switching   Internal   Power           Leakage
Net                       Power       Power      (% Net/Tot)     Power    Attrs
--------------------------------------------------------------------------------
n2                           0.2354     0.0816     0.317 (74%)  14761.1611  d
outb[4]                      0.0180     0.2519     0.270 (7%)   1650113.8750
outb[0]                      0.0179     0.2503     0.268 (7%)   1650113.8750
outb[3]                      0.0176     0.2470     0.265 (7%)   1650113.8750
outb[1]                      0.0173     0.2436     0.261 (7%)   1650113.8750
outb[2]                      0.0173     0.2434     0.261 (7%)   1650113.8750
--------------------------------------------------------------------------------
Totals (6 nets)            323.491nW    1.318uW    1.641uW (20%)   8.265uW


  Attributes
  ----------
      h  -  Hierarchical cell

                        Cell      Driven Net  Tot Dynamic      Cell
                        Internal  Switching   Power            Leakage
Cell                    Power     Power       (% Cell/Tot)     Power      Attrs
--------------------------------------------------------------------------------
U7                         0.0816    0.2354      0.317 (26%)   14761.1611  
U12                        0.2519    0.0180      0.270 (93%)   1650113.8750  
U8                         0.2503    0.0179      0.268 (93%)   1650113.8750  
U11                        0.2470    0.0176      0.265 (93%)   1650113.8750  
U9                         0.2436    0.0173      0.261 (93%)   1650113.8750  
U10                        0.2434    0.0173      0.261 (93%)   1650113.8750  
--------------------------------------------------------------------------------
Totals (6 cells)           1.318uW 323.491nW     1.641uW (80%)    8.265uW



  Attributes
  ----------
      h  -  Hierarchical cell
      a  -  User annotated State/Path Dependent (SDPD) information
      e  -  Estimated SDPD from user annotated non-SDPD switching activity
      d  -  Estimated SDPD from default annotated non-SDPD switching activity

               Toggling Source   State Pin Toggle Internal     Leakage
Cell           Pin      of Path  Cond  Rate       Power        Power    Attrs
--------------------------------------------------------------------------------
   U7          Y        A               0.0500      0.0814              d r
   U7          Y        A               0.0500   1.483e-04              d f
   U7                            (A)                          7380.5811  
   U7                            default                      7380.5801  
U7  (Cell Total)                                    0.0816    14761.1611
   U12         A1                (A2' A3' A4')  0.0063 3.534e-04        d r
   U12         A1                (A2' A3' A4')  0.0063 1.623e-04        d f
   U12         A1                (A2' A3' A4)  0.0063 2.852e-04         d r
   U12         A1                (A2' A3' A4)  0.0063 2.219e-04         d f
   U12         A1                (A2' A3 A4')  0.0063 3.402e-04         d r
   U12         A1                (A2' A3 A4')  0.0063 1.734e-04         d f
   U12         A1                (A2' A3 A4)  0.0063 -9.394e-04         d r
   U12         A1                (A2' A3 A4)  0.0063 1.038e-03          d f
   U12         A1                (A2 A3 A4)  0.0063 -7.767e-04          d r
   U12         A1                (A2 A3 A4)  0.0063 1.863e-03           d f
   U12         A1                       0.0188   -4.424e-04             d r
   U12         A1                       0.0188   2.075e-03              d f
   U12         A2                (A1' A3' A4')  0.0063 2.203e-03        d r
   U12         A2                (A1' A3' A4')  0.0063 -1.871e-03       d f
   U12         A2                (A1' A3' A4)  0.0063 2.006e-03         d r
   U12         A2                (A1' A3' A4)  0.0063 -1.675e-03        d f
   U12         A2                (A1' A3 A4')  0.0063 2.137e-03         d r
   U12         A2                (A1' A3 A4')  0.0063 -1.802e-03        d f
   U12         A2                (A1' A3 A4)  0.0063 -1.189e-03         d r
   U12         A2                (A1' A3 A4)  0.0063 1.187e-03          d f
   U12         A2                (A1 A3 A4)  0.0063 -8.256e-04          d r
   U12         A2                (A1 A3 A4)  0.0063 1.924e-03           d f
   U12         A2                       0.0188   2.599e-03              d r
   U12         A2                       0.0188   -1.343e-03             d f
   U12         A3                (A1' A2' A4')  0.0063 2.741e-04        d r
   U12         A3                (A1' A2' A4')  0.0063 1.151e-04        d f
   U12         A3                (A1' A2 A4')  0.0063 2.235e-04         d r
   U12         A3                (A1' A2 A4')  0.0063 1.621e-04         d f
   U12         A3                (A1 A2' A4')  0.0063 2.611e-04         d r
   U12         A3                (A1 A2' A4')  0.0063 1.307e-04         d f
   U12         A3                (A1 A2 A4')  0.0063 1.881e-04          d r
   U12         A3                (A1 A2 A4')  0.0063 -3.481e-05         d f
   U12         A3                (A1 A2 A4)  0.0063 -8.839e-05          d r
   U12         A3                (A1 A2 A4)  0.0063 2.143e-03           d f
   U12         A3                       0.0188   5.151e-04              d r
   U12         A3                       0.0188   1.510e-03              d f
   U12         A4                (A1' A2' A3')  0.0063 2.095e-03        d r
   U12         A4                (A1' A2' A3')  0.0063 -1.773e-03       d f
   U12         A4                (A1' A2 A3')  0.0063 1.934e-03         d r
   U12         A4                (A1' A2 A3')  0.0063 -1.592e-03        d f
   U12         A4                (A1 A2' A3')  0.0063 2.042e-03         d r
   U12         A4                (A1 A2' A3')  0.0063 -1.701e-03        d f
   U12         A4                (A1 A2 A3')  0.0063 4.169e-05          d r
   U12         A4                (A1 A2 A3')  0.0063 5.978e-05          d f
   U12         A4                (A1 A2 A3)  0.0063 -9.503e-05          d r
   U12         A4                (A1 A2 A3)  0.0063 2.165e-03           d f
   U12         A4                       0.0188   3.611e-03              d r
   U12         A4                       0.0188   -1.704e-03             d f
   U12         Y        A1              0.0184      0.0423                r
   U12         Y        A1              0.0184      0.0205                f
   U12         Y        A2              0.0184      0.0502                r
   U12         Y        A2              0.0184      0.0177                f
   U12         Y        A3              0.0184      0.0373                r
   U12         Y        A3              0.0184      0.0193                f
   U12         Y        A4              0.0184      0.0394                r
   U12         Y        A4              0.0184   7.098e-03                f
   U12                           (A1' A2' A3' A4')            3258.1760  
   U12                           (A1' A2' A3' A4)             75390.0000  
   U12                           (A1' A2' A3 A4')             32541.5137  
   U12                           (A1' A2' A3 A4)              147349.8125  
   U12                           (A1' A2 A3' A4')             74643.0391  
   U12                           (A1' A2 A3' A4)              142902.9688  
   U12                           (A1' A2 A3 A4')              102774.0625  
   U12                           (A1' A2 A3 A4)               147345.4375  
   U12                           (A1 A2' A3' A4')             32393.8457  
   U12                           (A1 A2' A3' A4)              103365.7344  
   U12                           (A1 A2' A3 A4')              61563.9180  
   U12                           (A1 A2' A3 A4)               147345.8125  
   U12                           (A1 A2 A3' A4')              145054.4688  
   U12                           (A1 A2 A3' A4)               144962.6250  
   U12                           (A1 A2 A3 A4')               144962.8281  
   U12                           (A1 A2 A3 A4)                144259.5000  
   U12                           default                         0.0000  
U12  (Cell Total)                                   0.2519    1650113.8750
   U8          A1                (A2' A3' A4')  0.0063 3.534e-04        d r
   U8          A1                (A2' A3' A4')  0.0063 1.623e-04        d f
   U8          A1                (A2' A3' A4)  0.0063 2.852e-04         d r
   U8          A1                (A2' A3' A4)  0.0063 2.219e-04         d f
   U8          A1                (A2' A3 A4')  0.0063 3.402e-04         d r
   U8          A1                (A2' A3 A4')  0.0063 1.734e-04         d f
   U8          A1                (A2' A3 A4)  0.0063 -9.394e-04         d r
   U8          A1                (A2' A3 A4)  0.0063 1.038e-03          d f
   U8          A1                (A2 A3 A4)  0.0063 -7.767e-04          d r
   U8          A1                (A2 A3 A4)  0.0063 1.863e-03           d f
   U8          A1                       0.0188   -4.424e-04             d r
   U8          A1                       0.0188   2.075e-03              d f
   U8          A2                (A1' A3' A4')  0.0063 2.203e-03        d r
   U8          A2                (A1' A3' A4')  0.0063 -1.871e-03       d f
   U8          A2                (A1' A3' A4)  0.0063 2.006e-03         d r
   U8          A2                (A1' A3' A4)  0.0063 -1.675e-03        d f
   U8          A2                (A1' A3 A4')  0.0063 2.137e-03         d r
   U8          A2                (A1' A3 A4')  0.0063 -1.802e-03        d f
   U8          A2                (A1' A3 A4)  0.0063 -1.189e-03         d r
   U8          A2                (A1' A3 A4)  0.0063 1.187e-03          d f
   U8          A2                (A1 A3 A4)  0.0063 -8.256e-04          d r
   U8          A2                (A1 A3 A4)  0.0063 1.924e-03           d f
   U8          A2                       0.0188   2.599e-03              d r
   U8          A2                       0.0188   -1.343e-03             d f
   U8          A3                (A1' A2' A4')  0.0063 2.741e-04        d r
   U8          A3                (A1' A2' A4')  0.0063 1.151e-04        d f
   U8          A3                (A1' A2 A4')  0.0063 2.235e-04         d r
   U8          A3                (A1' A2 A4')  0.0063 1.621e-04         d f
   U8          A3                (A1 A2' A4')  0.0063 2.611e-04         d r
   U8          A3                (A1 A2' A4')  0.0063 1.307e-04         d f
   U8          A3                (A1 A2 A4')  0.0063 1.881e-04          d r
   U8          A3                (A1 A2 A4')  0.0063 -3.481e-05         d f
   U8          A3                (A1 A2 A4)  0.0063 -8.839e-05          d r
   U8          A3                (A1 A2 A4)  0.0063 2.143e-03           d f
   U8          A3                       0.0188   5.151e-04              d r
   U8          A3                       0.0188   1.510e-03              d f
   U8          A4                (A1' A2' A3')  0.0063 2.095e-03        d r
   U8          A4                (A1' A2' A3')  0.0063 -1.773e-03       d f
   U8          A4                (A1' A2 A3')  0.0063 1.934e-03         d r
   U8          A4                (A1' A2 A3')  0.0063 -1.592e-03        d f
   U8          A4                (A1 A2' A3')  0.0063 2.042e-03         d r
   U8          A4                (A1 A2' A3')  0.0063 -1.701e-03        d f
   U8          A4                (A1 A2 A3')  0.0063 4.169e-05          d r
   U8          A4                (A1 A2 A3')  0.0063 5.978e-05          d f
   U8          A4                (A1 A2 A3)  0.0063 -9.503e-05          d r
   U8          A4                (A1 A2 A3)  0.0063 2.165e-03           d f
   U8          A4                       0.0188   3.611e-03              d r
   U8          A4                       0.0188   -1.704e-03             d f
   U8          Y        A1              0.0183      0.0420                r
   U8          Y        A1              0.0183      0.0203                f
   U8          Y        A2              0.0183      0.0498                r
   U8          Y        A2              0.0183      0.0176                f
   U8          Y        A3              0.0183      0.0370                r
   U8          Y        A3              0.0183      0.0191                f
   U8          Y        A4              0.0183      0.0391                r
   U8          Y        A4              0.0183   7.049e-03                f
   U8                            (A1' A2' A3' A4')            3258.1760  
   U8                            (A1' A2' A3' A4)             75390.0000  
   U8                            (A1' A2' A3 A4')             32541.5137  
   U8                            (A1' A2' A3 A4)              147349.8125  
   U8                            (A1' A2 A3' A4')             74643.0391  
   U8                            (A1' A2 A3' A4)              142902.9688  
   U8                            (A1' A2 A3 A4')              102774.0625  
   U8                            (A1' A2 A3 A4)               147345.4375  
   U8                            (A1 A2' A3' A4')             32393.8457  
   U8                            (A1 A2' A3' A4)              103365.7344  
   U8                            (A1 A2' A3 A4')              61563.9180  
   U8                            (A1 A2' A3 A4)               147345.8125  
   U8                            (A1 A2 A3' A4')              145054.4688  
   U8                            (A1 A2 A3' A4)               144962.6250  
   U8                            (A1 A2 A3 A4')               144962.8281  
   U8                            (A1 A2 A3 A4)                144259.5000  
   U8                            default                         0.0000  
U8  (Cell Total)                                    0.2503    1650113.8750
   U11         A1                (A2' A3' A4')  0.0063 3.534e-04        d r
   U11         A1                (A2' A3' A4')  0.0063 1.623e-04        d f
   U11         A1                (A2' A3' A4)  0.0063 2.852e-04         d r
   U11         A1                (A2' A3' A4)  0.0063 2.219e-04         d f
   U11         A1                (A2' A3 A4')  0.0063 3.402e-04         d r
   U11         A1                (A2' A3 A4')  0.0063 1.734e-04         d f
   U11         A1                (A2' A3 A4)  0.0063 -9.394e-04         d r
   U11         A1                (A2' A3 A4)  0.0063 1.038e-03          d f
   U11         A1                (A2 A3 A4)  0.0063 -7.767e-04          d r
   U11         A1                (A2 A3 A4)  0.0063 1.863e-03           d f
   U11         A1                       0.0188   -4.424e-04             d r
   U11         A1                       0.0188   2.075e-03              d f
   U11         A2                (A1' A3' A4')  0.0063 2.203e-03        d r
   U11         A2                (A1' A3' A4')  0.0063 -1.871e-03       d f
   U11         A2                (A1' A3' A4)  0.0063 2.006e-03         d r
   U11         A2                (A1' A3' A4)  0.0063 -1.675e-03        d f
   U11         A2                (A1' A3 A4')  0.0063 2.137e-03         d r
   U11         A2                (A1' A3 A4')  0.0063 -1.802e-03        d f
   U11         A2                (A1' A3 A4)  0.0063 -1.189e-03         d r
   U11         A2                (A1' A3 A4)  0.0063 1.187e-03          d f
   U11         A2                (A1 A3 A4)  0.0063 -8.256e-04          d r
   U11         A2                (A1 A3 A4)  0.0063 1.924e-03           d f
   U11         A2                       0.0188   2.599e-03              d r
   U11         A2                       0.0188   -1.343e-03             d f
   U11         A3                (A1' A2' A4')  0.0063 2.741e-04        d r
   U11         A3                (A1' A2' A4')  0.0063 1.151e-04        d f
   U11         A3                (A1' A2 A4')  0.0063 2.235e-04         d r
   U11         A3                (A1' A2 A4')  0.0063 1.621e-04         d f
   U11         A3                (A1 A2' A4')  0.0063 2.611e-04         d r
   U11         A3                (A1 A2' A4')  0.0063 1.307e-04         d f
   U11         A3                (A1 A2 A4')  0.0063 1.881e-04          d r
   U11         A3                (A1 A2 A4')  0.0063 -3.481e-05         d f
   U11         A3                (A1 A2 A4)  0.0063 -8.839e-05          d r
   U11         A3                (A1 A2 A4)  0.0063 2.143e-03           d f
   U11         A3                       0.0188   5.151e-04              d r
   U11         A3                       0.0188   1.510e-03              d f
   U11         A4                (A1' A2' A3')  0.0063 2.095e-03        d r
   U11         A4                (A1' A2' A3')  0.0063 -1.773e-03       d f
   U11         A4                (A1' A2 A3')  0.0063 1.934e-03         d r
   U11         A4                (A1' A2 A3')  0.0063 -1.592e-03        d f
   U11         A4                (A1 A2' A3')  0.0063 2.042e-03         d r
   U11         A4                (A1 A2' A3')  0.0063 -1.701e-03        d f
   U11         A4                (A1 A2 A3')  0.0063 4.169e-05          d r
   U11         A4                (A1 A2 A3')  0.0063 5.978e-05          d f
   U11         A4                (A1 A2 A3)  0.0063 -9.503e-05          d r
   U11         A4                (A1 A2 A3)  0.0063 2.165e-03           d f
   U11         A4                       0.0188   3.611e-03              d r
   U11         A4                       0.0188   -1.704e-03             d f
   U11         Y        A1              0.0181      0.0414                r
   U11         Y        A1              0.0181      0.0200                f
   U11         Y        A2              0.0181      0.0491                r
   U11         Y        A2              0.0181      0.0174                f
   U11         Y        A3              0.0181      0.0365                r
   U11         Y        A3              0.0181      0.0189                f
   U11         Y        A4              0.0181      0.0386                r
   U11         Y        A4              0.0181   6.950e-03                f
   U11                           (A1' A2' A3' A4')            3258.1760  
   U11                           (A1' A2' A3' A4)             75390.0000  
   U11                           (A1' A2' A3 A4')             32541.5137  
   U11                           (A1' A2' A3 A4)              147349.8125  
   U11                           (A1' A2 A3' A4')             74643.0391  
   U11                           (A1' A2 A3' A4)              142902.9688  
   U11                           (A1' A2 A3 A4')              102774.0625  
   U11                           (A1' A2 A3 A4)               147345.4375  
   U11                           (A1 A2' A3' A4')             32393.8457  
   U11                           (A1 A2' A3' A4)              103365.7344  
   U11                           (A1 A2' A3 A4')              61563.9180  
   U11                           (A1 A2' A3 A4)               147345.8125  
   U11                           (A1 A2 A3' A4')              145054.4688  
   U11                           (A1 A2 A3' A4)               144962.6250  
   U11                           (A1 A2 A3 A4')               144962.8281  
   U11                           (A1 A2 A3 A4)                144259.5000  
   U11                           default                         0.0000  
U11  (Cell Total)                                   0.2470    1650113.8750
   U9          A1                (A2' A3' A4')  0.0063 3.534e-04        d r
   U9          A1                (A2' A3' A4')  0.0063 1.623e-04        d f
   U9          A1                (A2' A3' A4)  0.0063 2.852e-04         d r
   U9          A1                (A2' A3' A4)  0.0063 2.219e-04         d f
   U9          A1                (A2' A3 A4')  0.0063 3.402e-04         d r
   U9          A1                (A2' A3 A4')  0.0063 1.734e-04         d f
   U9          A1                (A2' A3 A4)  0.0063 -9.394e-04         d r
   U9          A1                (A2' A3 A4)  0.0063 1.038e-03          d f
   U9          A1                (A2 A3 A4)  0.0063 -7.767e-04          d r
   U9          A1                (A2 A3 A4)  0.0063 1.863e-03           d f
   U9          A1                       0.0188   -4.424e-04             d r
   U9          A1                       0.0188   2.075e-03              d f
   U9          A2                (A1' A3' A4')  0.0063 2.203e-03        d r
   U9          A2                (A1' A3' A4')  0.0063 -1.871e-03       d f
   U9          A2                (A1' A3' A4)  0.0063 2.006e-03         d r
   U9          A2                (A1' A3' A4)  0.0063 -1.675e-03        d f
   U9          A2                (A1' A3 A4')  0.0063 2.137e-03         d r
   U9          A2                (A1' A3 A4')  0.0063 -1.802e-03        d f
   U9          A2                (A1' A3 A4)  0.0063 -1.189e-03         d r
   U9          A2                (A1' A3 A4)  0.0063 1.187e-03          d f
   U9          A2                (A1 A3 A4)  0.0063 -8.256e-04          d r
   U9          A2                (A1 A3 A4)  0.0063 1.924e-03           d f
   U9          A2                       0.0188   2.599e-03              d r
   U9          A2                       0.0188   -1.343e-03             d f
   U9          A3                (A1' A2' A4')  0.0063 2.741e-04        d r
   U9          A3                (A1' A2' A4')  0.0063 1.151e-04        d f
   U9          A3                (A1' A2 A4')  0.0063 2.235e-04         d r
   U9          A3                (A1' A2 A4')  0.0063 1.621e-04         d f
   U9          A3                (A1 A2' A4')  0.0063 2.611e-04         d r
   U9          A3                (A1 A2' A4')  0.0063 1.307e-04         d f
   U9          A3                (A1 A2 A4')  0.0063 1.881e-04          d r
   U9          A3                (A1 A2 A4')  0.0063 -3.481e-05         d f
   U9          A3                (A1 A2 A4)  0.0063 -8.839e-05          d r
   U9          A3                (A1 A2 A4)  0.0063 2.143e-03           d f
   U9          A3                       0.0188   5.151e-04              d r
   U9          A3                       0.0188   1.510e-03              d f
   U9          A4                (A1' A2' A3')  0.0063 2.095e-03        d r
   U9          A4                (A1' A2' A3')  0.0063 -1.773e-03       d f
   U9          A4                (A1' A2 A3')  0.0063 1.934e-03         d r
   U9          A4                (A1' A2 A3')  0.0063 -1.592e-03        d f
   U9          A4                (A1 A2' A3')  0.0063 2.042e-03         d r
   U9          A4                (A1 A2' A3')  0.0063 -1.701e-03        d f
   U9          A4                (A1 A2 A3')  0.0063 4.169e-05          d r
   U9          A4                (A1 A2 A3')  0.0063 5.978e-05          d f
   U9          A4                (A1 A2 A3)  0.0063 -9.503e-05          d r
   U9          A4                (A1 A2 A3)  0.0063 2.165e-03           d f
   U9          A4                       0.0188   3.611e-03              d r
   U9          A4                       0.0188   -1.704e-03             d f
   U9          Y        A1              0.0178      0.0408                r
   U9          Y        A1              0.0178      0.0197                f
   U9          Y        A2              0.0178      0.0484                r
   U9          Y        A2              0.0178      0.0171                f
   U9          Y        A3              0.0178      0.0360                r
   U9          Y        A3              0.0178      0.0186                f
   U9          Y        A4              0.0178      0.0380                r
   U9          Y        A4              0.0178   6.847e-03                f
   U9                            (A1' A2' A3' A4')            3258.1760  
   U9                            (A1' A2' A3' A4)             75390.0000  
   U9                            (A1' A2' A3 A4')             32541.5137  
   U9                            (A1' A2' A3 A4)              147349.8125  
   U9                            (A1' A2 A3' A4')             74643.0391  
   U9                            (A1' A2 A3' A4)              142902.9688  
   U9                            (A1' A2 A3 A4')              102774.0625  
   U9                            (A1' A2 A3 A4)               147345.4375  
   U9                            (A1 A2' A3' A4')             32393.8457  
   U9                            (A1 A2' A3' A4)              103365.7344  
   U9                            (A1 A2' A3 A4')              61563.9180  
   U9                            (A1 A2' A3 A4)               147345.8125  
   U9                            (A1 A2 A3' A4')              145054.4688  
   U9                            (A1 A2 A3' A4)               144962.6250  
   U9                            (A1 A2 A3 A4')               144962.8281  
   U9                            (A1 A2 A3 A4)                144259.5000  
   U9                            default                         0.0000  
U9  (Cell Total)                                    0.2436    1650113.8750
   U10         A1                (A2' A3' A4')  0.0063 3.534e-04        d r
   U10         A1                (A2' A3' A4')  0.0063 1.623e-04        d f
   U10         A1                (A2' A3' A4)  0.0063 2.852e-04         d r
   U10         A1                (A2' A3' A4)  0.0063 2.219e-04         d f
   U10         A1                (A2' A3 A4')  0.0063 3.402e-04         d r
   U10         A1                (A2' A3 A4')  0.0063 1.734e-04         d f
   U10         A1                (A2' A3 A4)  0.0063 -9.394e-04         d r
   U10         A1                (A2' A3 A4)  0.0063 1.038e-03          d f
   U10         A1                (A2 A3 A4)  0.0063 -7.767e-04          d r
   U10         A1                (A2 A3 A4)  0.0063 1.863e-03           d f
   U10         A1                       0.0188   -4.424e-04             d r
   U10         A1                       0.0188   2.075e-03              d f
   U10         A2                (A1' A3' A4')  0.0063 2.203e-03        d r
   U10         A2                (A1' A3' A4')  0.0063 -1.871e-03       d f
   U10         A2                (A1' A3' A4)  0.0063 2.006e-03         d r
   U10         A2                (A1' A3' A4)  0.0063 -1.675e-03        d f
   U10         A2                (A1' A3 A4')  0.0063 2.137e-03         d r
   U10         A2                (A1' A3 A4')  0.0063 -1.802e-03        d f
   U10         A2                (A1' A3 A4)  0.0063 -1.189e-03         d r
   U10         A2                (A1' A3 A4)  0.0063 1.187e-03          d f
   U10         A2                (A1 A3 A4)  0.0063 -8.256e-04          d r
   U10         A2                (A1 A3 A4)  0.0063 1.924e-03           d f
   U10         A2                       0.0188   2.599e-03              d r
   U10         A2                       0.0188   -1.343e-03             d f
   U10         A3                (A1' A2' A4')  0.0063 2.741e-04        d r
   U10         A3                (A1' A2' A4')  0.0063 1.151e-04        d f
   U10         A3                (A1' A2 A4')  0.0063 2.235e-04         d r
   U10         A3                (A1' A2 A4')  0.0063 1.621e-04         d f
   U10         A3                (A1 A2' A4')  0.0063 2.611e-04         d r
   U10         A3                (A1 A2' A4')  0.0063 1.307e-04         d f
   U10         A3                (A1 A2 A4')  0.0063 1.881e-04          d r
   U10         A3                (A1 A2 A4')  0.0063 -3.481e-05         d f
   U10         A3                (A1 A2 A4)  0.0063 -8.839e-05          d r
   U10         A3                (A1 A2 A4)  0.0063 2.143e-03           d f
   U10         A3                       0.0188   5.151e-04              d r
   U10         A3                       0.0188   1.510e-03              d f
   U10         A4                (A1' A2' A3')  0.0063 2.095e-03        d r
   U10         A4                (A1' A2' A3')  0.0063 -1.773e-03       d f
   U10         A4                (A1' A2 A3')  0.0063 1.934e-03         d r
   U10         A4                (A1' A2 A3')  0.0063 -1.592e-03        d f
   U10         A4                (A1 A2' A3')  0.0063 2.042e-03         d r
   U10         A4                (A1 A2' A3')  0.0063 -1.701e-03        d f
   U10         A4                (A1 A2 A3')  0.0063 4.169e-05          d r
   U10         A4                (A1 A2 A3')  0.0063 5.978e-05          d f
   U10         A4                (A1 A2 A3)  0.0063 -9.503e-05          d r
   U10         A4                (A1 A2 A3)  0.0063 2.165e-03           d f
   U10         A4                       0.0188   3.611e-03              d r
   U10         A4                       0.0188   -1.704e-03             d f
   U10         Y        A1              0.0178      0.0407                r
   U10         Y        A1              0.0178      0.0197                f
   U10         Y        A2              0.0178      0.0484                r
   U10         Y        A2              0.0178      0.0171                f
   U10         Y        A3              0.0178      0.0359                r
   U10         Y        A3              0.0178      0.0186                f
   U10         Y        A4              0.0178      0.0380                r
   U10         Y        A4              0.0178   6.840e-03                f
   U10                           (A1' A2' A3' A4')            3258.1760  
   U10                           (A1' A2' A3' A4)             75390.0000  
   U10                           (A1' A2' A3 A4')             32541.5137  
   U10                           (A1' A2' A3 A4)              147349.8125  
   U10                           (A1' A2 A3' A4')             74643.0391  
   U10                           (A1' A2 A3' A4)              142902.9688  
   U10                           (A1' A2 A3 A4')              102774.0625  
   U10                           (A1' A2 A3 A4)               147345.4375  
   U10                           (A1 A2' A3' A4')             32393.8457  
   U10                           (A1 A2' A3' A4)              103365.7344  
   U10                           (A1 A2' A3 A4')              61563.9180  
   U10                           (A1 A2' A3 A4)               147345.8125  
   U10                           (A1 A2 A3' A4')              145054.4688  
   U10                           (A1 A2 A3' A4)               144962.6250  
   U10                           (A1 A2 A3 A4')               144962.8281  
   U10                           (A1 A2 A3 A4)                144259.5000  
   U10                           default                         0.0000  
U10  (Cell Total)                                   0.2434    1650113.8750
--------------------------------------------------------------------------------
Totals (6 cells)                                    1.318uW      8.265uW
1
